Aug 16, 2026 00:17:51.765 [0x7f180d0bfb38] INFO - Plex Tuner Service v1.43.3.10861-07dfddaeb - Docker Docker Container (LinuxServer.io) x86_64 - build: 
Aug 16, 2026 00:17:51.765 [0x7f180d0bfb38] INFO - Linux version: 6.17.0-1022-azure (#22-Ubuntu SMP Mon Jul 27 17:24:03 UTC 2026), language: en-US
Aug 16, 2026 00:17:51.765 [0x7f180d0bfb38] INFO - Processor AMD EPYC 7763 64-Core Processor                
Aug 16, 2026 00:17:51.765 [0x7f180d0bfb38] INFO - /usr/lib/plexmediaserver/Plex Tuner Service /usr/lib/plexmediaserver/Resources/Tuner/Private /usr/lib/plexmediaserver/Resources/Tuner/Shared 1.43.3.10861-07dfddaeb 32600
Aug 16, 2026 00:17:51.762 [0x7f180ec31808] INFO - [I] broker_t::start...
Aug 16, 2026 00:17:51.768 [0x7f180ec31808] INFO - [I] device_manager_t::init.
Aug 16, 2026 00:17:51.768 [0x7f180ec31808] INFO - [I] device_manager_t::init. Initialize provider manager
Aug 16, 2026 00:17:51.768 [0x7f180ec31808] INFO - [I] device_manager_t::init. Initialize all device auxes
Aug 16, 2026 00:17:51.768 [0x7f180ec31808] INFO - [I] dvb_device_factory_t::get_aux_list
Aug 16, 2026 00:17:51.768 [0x7f180ec31808] INFO - [I] tvbutler_aux_t::init
Aug 16, 2026 00:17:51.772 [0x7f180ec31808] INFO - [I] web_server_t::start. Starting web server on port 32600
Aug 16, 2026 00:17:59.305 [0x7f180ca27b38] INFO - [I] web_service_t::process_device_discovery
Aug 16, 2026 00:17:59.305 [0x7f180ca27b38] INFO - [I] device_reactor_t::get_device_list ()
Aug 16, 2026 00:18:01.308 [0x7f180ca27b38] INFO - [I] SAT2IP - discover_satip_servers(): no servers found
Aug 16, 2026 00:18:01.727 [0x7f180ca27b38] INFO - [I] v4l::DeviceGetList_impl. getting v4l device list
Aug 16, 2026 00:18:01.729 [0x7f180ca27b38] INFO - [I] onetv_factory::DeviceGetListEx >>
Aug 16, 2026 00:18:01.729 [0x7f180ca27b38] WARN - [W] onetv_factory::DeviceGetListEx. libusb_init returned an error -99
Aug 16, 2026 00:18:19.639 [0x7f180ec31808] INFO - Received SIGINT: Interrupt from keyboard.
Aug 16, 2026 00:18:19.651 [0x7f180ec31808] INFO - [I] device_manager_t::term
Aug 16, 2026 00:18:19.652 [0x7f180ec31808] INFO - [I] device_manager_t::term. Stop all devices
Aug 16, 2026 00:18:19.652 [0x7f180ec31808] INFO - [I] device_manager_t::term. Shut down all device auxes
Aug 16, 2026 00:18:19.652 [0x7f180ec31808] INFO - [I] tvbutler_aux_t::term
Aug 16, 2026 00:18:19.652 [0x7f180ec31808] INFO - [I] web_server_t::stop. Web server is stopped
Aug 16, 2026 00:18:19.652 [0x7f180ec31808] INFO - [I] device_manager_t::term
Aug 16, 2026 00:18:19.652 [0x7f180ec31808] INFO - [I] device_manager_t::term. Stop all devices
Aug 16, 2026 00:18:19.652 [0x7f180ec31808] INFO - [I] device_manager_t::term. Shut down all device auxes
Aug 16, 2026 00:18:19.652 [0x7f180ec31808] INFO - [I] broker_t::shutdown. Shutdown is completed.
