Aug 16, 2026 00:17:49.182 [139651990903608] INFO - Plex Media Server v1.43.3.10861-07dfddaeb - Docker Docker Container (LinuxServer.io) x86_64 - build: linux-x86_64 debian - GMT 00:00
Aug 16, 2026 00:17:49.183 [139651990903608] INFO - Linux version: 6.17.0-1022-azure, language: en-US
Aug 16, 2026 00:17:49.183 [139651990903608] INFO - Processor: 4-core AMD EPYC 7763 64-Core Processor
Aug 16, 2026 00:17:49.183 [139651990903608] INFO - Compiler is - Clang 11.0.1 (https://plex.tv 9b997da8e5b47bdb4a9425b3a3b290be393b4b1f)
Aug 16, 2026 00:17:49.183 [139651990903608] INFO - /usr/lib/plexmediaserver/Plex Media Server
Aug 16, 2026 00:17:49.183 [139651993447056] DEBUG - BPQ: [Idle] -> [Starting]
Aug 16, 2026 00:17:49.183 [139651993447056] DEBUG - FeatureManager: Using cached data for features list
Aug 16, 2026 00:17:49.187 [139651993447056] DEBUG - MyPlex: mapping state set to 'Unknown'.
Aug 16, 2026 00:17:49.187 [139651993447056] DEBUG - Relay: read 11 cached entries from hosts file
Aug 16, 2026 00:17:49.187 [139651993447056] DEBUG - Opening 20 database sessions to library (com.plexapp.plugins.library), SQLite 3.39.4, threadsafe=1
Aug 16, 2026 00:17:49.236 [139651993447056] DEBUG - MyPlex: using cached data for request for https://servers.plex.tv/api/v2/server/users/features?filterFeatures[]=b83c8dc9-5a01-4b7a-a7c9-5870c8a6e21b&filterFeatures[]=926bc176-58ca-47da-b8e3-080ed14ea6ba&filterFeatures[]=ea791163-c28d-4b7c-af88-bcc9553b206d&filterFeatures[]=6ab6677b-ad9b-444f-9ca1-b8027d05b3e1&filterFeatures[]=56cd352b-0d47-436d-aced-f20db3508de5
Aug 16, 2026 00:17:49.269 [139651993447056] DEBUG - [CERT] Subject name is /CN=*.b1eb00e890d84884bd38f2ea180d2679.plex.direct
Aug 16, 2026 00:17:49.269 [139651993447056] DEBUG - [CERT] Installed certificate with fingerprint 6f:f6:44:12:44:8e:59:85:b5:36:83:ee:0e:f4:5c:22:aa:a1:5f:e2.
Aug 16, 2026 00:17:49.269 [139651993447056] DEBUG - [CERT/OCSP] no URL available
Aug 16, 2026 00:17:49.269 [139651993447056] WARN - [CERT/OCSP] getCertInfo failed; skipping stapling
Aug 16, 2026 00:17:49.269 [139651993447056] DEBUG - HttpServer: Listening on port 32400.
Aug 16, 2026 00:17:49.270 [139651993447056] DEBUG - HttpServer: Listening on port 32401.
Aug 16, 2026 00:17:49.270 [139651993447056] DEBUG - Running server...
Aug 16, 2026 00:17:49.270 [139651972913976] DEBUG - HttpServer: Set up a thread pool with 2 threads.
Aug 16, 2026 00:17:49.270 [139651993447056] INFO - Running migrations. (EPG 0)
Aug 16, 2026 00:17:49.271 [139651993447056] DEBUG - Captured session 0.
Aug 16, 2026 00:17:49.271 [139651993447056] DEBUG - Captured session 1.
Aug 16, 2026 00:17:49.271 [139651993447056] DEBUG - Captured session 2.
Aug 16, 2026 00:17:49.271 [139651993447056] DEBUG - Captured session 3.
Aug 16, 2026 00:17:49.271 [139651993447056] DEBUG - Captured session 4.
Aug 16, 2026 00:17:49.271 [139651993447056] DEBUG - Captured session 5.
Aug 16, 2026 00:17:49.271 [139651993447056] DEBUG - Captured session 6.
Aug 16, 2026 00:17:49.271 [139651993447056] DEBUG - Captured session 7.
Aug 16, 2026 00:17:49.271 [139651993447056] DEBUG - Captured session 8.
Aug 16, 2026 00:17:49.271 [139651993447056] DEBUG - Captured session 9.
Aug 16, 2026 00:17:49.271 [139651993447056] DEBUG - Captured session 10.
Aug 16, 2026 00:17:49.271 [139651993447056] DEBUG - Captured session 11.
Aug 16, 2026 00:17:49.271 [139651993447056] DEBUG - Captured session 12.
Aug 16, 2026 00:17:49.271 [139651993447056] DEBUG - Captured session 13.
Aug 16, 2026 00:17:49.271 [139651993447056] DEBUG - Captured session 14.
Aug 16, 2026 00:17:49.271 [139651993447056] DEBUG - Captured session 15.
Aug 16, 2026 00:17:49.271 [139651993447056] DEBUG - Captured session 16.
Aug 16, 2026 00:17:49.271 [139651993447056] DEBUG - Captured session 17.
Aug 16, 2026 00:17:49.271 [139651993447056] DEBUG - Captured session 18.
Aug 16, 2026 00:17:49.271 [139651993447056] DEBUG - Captured session 19.
Aug 16, 2026 00:17:49.277 [139651993447056] DEBUG - ChangestampAllocator: initialized to 1046
Aug 16, 2026 00:17:49.278 [139651993447056] DEBUG - Opening 2 database sessions to library (com.plexapp.plugins.library.blobs), SQLite 3.39.4, threadsafe=1
Aug 16, 2026 00:17:49.283 [139651993447056] INFO - Running migrations. (EPG 0)
Aug 16, 2026 00:17:49.284 [139651993447056] DEBUG - Captured session 0.
Aug 16, 2026 00:17:49.284 [139651993447056] DEBUG - Captured session 1.
Aug 16, 2026 00:17:49.302 [139651986148152] DEBUG - Grabber: Cleaning up orphaned grabs.
Aug 16, 2026 00:17:49.303 [139651986148152] DEBUG - Grabber: Cleaned up 0 decrepit directories in 0.0 sec.
Aug 16, 2026 00:17:49.303 [139651993447056] DEBUG - Media Provider: Registering provider com.plexapp.plugins.library
Aug 16, 2026 00:17:49.303 [139651993447056] DEBUG - Auth: Refreshing tokens inside the token-based authentication filter.
Aug 16, 2026 00:17:49.303 [139651993447056] DEBUG - MyPlex: using cached data for request for https://servers.plex.tv/api/v2/server/access_tokens?auth_token=xxxxxxxxxxxxxxxxxxxx
Aug 16, 2026 00:17:49.303 [139651993447056] DEBUG - MyPlex: updating with 3 access tokens
Aug 16, 2026 00:17:49.304 [139651993447056] DEBUG - MyPlex: using cached data for request for https://servers.plex.tv/api/v2/server/users?auth_token=xxxxxxxxxxxxxxxxxxxx
Aug 16, 2026 00:17:49.304 [139651993447056] DEBUG - MyPlex: using cached data for request for https://servers.plex.tv/api/v2/server/users/subscriptions?auth_token=xxxxxxxxxxxxxxxxxxxx
Aug 16, 2026 00:17:49.304 [139651993447056] DEBUG - MyPlex: using cached data for request for https://servers.plex.tv/api/v2/server/users/services?auth_token=xxxxxxxxxxxxxxxxxxxx
Aug 16, 2026 00:17:49.304 [139651986148152] DEBUG - Auth: Refreshing tokens inside the token-based authentication filter.
Aug 16, 2026 00:17:49.304 [139651986148152] DEBUG - [HCl#1] HTTP requesting GET https://servers.plex.tv/api/v2/server/access_tokens?auth_token=xxxxxxxxxxxxxxxxxxxx
Aug 16, 2026 00:17:49.305 [139651993447056] DEBUG - Opening 1 database sessions to library (), SQLite 3.39.4, threadsafe=1
Aug 16, 2026 00:17:49.307 [139651922762552] DEBUG - File "/usr/lib/plexmediaserver/Resources/Plug-ins-07dfddaeb" changed: -1 => 2026-08-10 10:25:12 (1786357512).
Aug 16, 2026 00:17:49.307 [139651922762552] WARN - Warning: ex: boost::filesystem::last_write_time: No such file or directory [system:2]: "/config/Library/Application Support/Plex Media Server/Plug-ins", couldn't check file: "/config/Library/Application Support/Plex Media Server/Plug-ins"
Aug 16, 2026 00:17:49.307 [139651922762552] DEBUG - Scanning for plug-ins in "/usr/lib/plexmediaserver/Resources/Plug-ins-07dfddaeb"
Aug 16, 2026 00:17:49.309 [139651922762552] DEBUG - Scanning for plug-ins in "/config/Library/Application Support/Plex Media Server/Plug-ins"
Aug 16, 2026 00:17:49.309 [139651922762552] DEBUG - PluginRepository::setStartState: 1, startingSystem
Aug 16, 2026 00:17:49.309 [139651922762552] DEBUG - Starting plug-in /usr/lib/plexmediaserver/Resources/Plug-ins-07dfddaeb/System.bundle.
Aug 16, 2026 00:17:49.310 [139651922762552] DEBUG - [com.plexapp.system] Setting plug-in to always running (daemon mode).
Aug 16, 2026 00:17:49.310 [139651922762552] DEBUG - Starting file watcher for com.plexapp.system
Aug 16, 2026 00:17:49.310 [139651922762552] DEBUG - Plugin: setting environment variable: 'PYTHONHOME=/usr/lib/plexmediaserver/Resources/Python'
Aug 16, 2026 00:17:49.310 [139651922762552] DEBUG - Plugin: setting environment variable: 'PYTHONPATH=/usr/lib/plexmediaserver/Resources/Python/python27.zip:/usr/lib/plexmediaserver/Resources/Python/lib/python2.7/site-packages'
Aug 16, 2026 00:17:49.313 [139651922762552] DEBUG - Spawned plug-in com.plexapp.system with PID 239
Aug 16, 2026 00:17:49.313 [139651922762552] DEBUG - [com.plexapp.system] Sending command: GET /:/prefixes
Aug 16, 2026 00:17:49.485 [139651926981432] DEBUG - [HttpClient/HCl#1] HTTP/2.0 (0.2s) 200 response from GET https://servers.plex.tv/api/v2/server/access_tokens?auth_token=xxxxxxxxxxxxxxxxxxxx
Aug 16, 2026 00:17:49.486 [139651986148152] DEBUG - MyPlex: updating with 3 access tokens
Aug 16, 2026 00:17:49.486 [139651986148152] DEBUG - [HCl#2] HTTP requesting GET https://servers.plex.tv/api/v2/server/users?auth_token=xxxxxxxxxxxxxxxxxxxx
Aug 16, 2026 00:17:49.583 [139651926981432] DEBUG - [HttpClient/HCl#2] HTTP/2.0 (0.1s) 200 response from GET https://servers.plex.tv/api/v2/server/users?auth_token=xxxxxxxxxxxxxxxxxxxx (reused)
Aug 16, 2026 00:17:49.584 [139651918543672] DEBUG - [HCl#3] HTTP requesting GET https://servers.plex.tv/api/v2/server/users/subscriptions?auth_token=xxxxxxxxxxxxxxxxxxxx
Aug 16, 2026 00:17:49.682 [139651926981432] DEBUG - [HttpClient/HCl#3] HTTP/2.0 (0.1s) 200 response from GET https://servers.plex.tv/api/v2/server/users/subscriptions?auth_token=xxxxxxxxxxxxxxxxxxxx (reused)
Aug 16, 2026 00:17:49.683 [139651918543672] DEBUG - MyPlex: using cached data for request for https://servers.plex.tv/api/v2/server/users/services?auth_token=xxxxxxxxxxxxxxxxxxxx
Aug 16, 2026 00:17:50.179 [139651976166200] DEBUG - Request: didn't get any data from 127.0.0.1:37374: End of file
Aug 16, 2026 00:17:50.648 [139651914324792] DEBUG - Request: [127.0.0.1:37384 (Loopback)] GET /:/plugins/com.plexapp.system/messaging/function/X0J1bmRsZVNlcnZpY2U6QWxsU2VydmljZXM_/Y2VyZWFsMQoxCmxpc3QKMApyMAo_/Y2VyZWFsMQoxCmRpY3QKMApyMAo_ (3 live) #3 GZIP Token ()
Aug 16, 2026 00:17:50.648 [139651978275640] DEBUG - Completed: [127.0.0.1:37384] 503 GET /:/plugins/com.plexapp.system/messaging/function/X0J1bmRsZVNlcnZpY2U6QWxsU2VydmljZXM_/Y2VyZWFsMQoxCmxpc3QKMApyMAo_/Y2VyZWFsMQoxCmRpY3QKMApyMAo_ (3 live) #3 GZIP 0ms 436 bytes
Aug 16, 2026 00:17:50.657 [139651914324792] DEBUG - Request: [127.0.0.1:37390 (Loopback)] GET / (4 live) #4 GZIP Token ()
Aug 16, 2026 00:17:50.657 [139651978275640] DEBUG - Completed: [127.0.0.1:37390] 503 GET / (4 live) #4 GZIP 0ms 436 bytes
Aug 16, 2026 00:17:51.181 [139651916434232] DEBUG - [JobRunner] Job running: /usr/lib/plexmediaserver/CrashUploader "--directory=/config/Library/Application Support/Plex Media Server/Crash Reports/1.43.3.10861-07dfddaeb" --version=1.43.3.10861-07dfddaeb --platform=Linux --platformVersion=6.17.0-1022-azure --serverUuid=4aa082f4f7d6dd1a83a571d03b236b07794db03c --userId=jellyplex-watched@luigi311.com --sentryUrl=https://o17675.ingest.sentry.io/api/1233455/ --sentryKey=xxxxxxxxxxxxxxxxxxxxxxxxxxxxxxxx --vendor=Docker --model=x86_64 "--device=Docker Container (LinuxServer.io)"
Aug 16, 2026 00:17:51.183 [139651916434232] DEBUG - [JobRunner] Jobs: Starting child process with pid 274
Aug 16, 2026 00:17:51.208 [139651988704056] DEBUG - Jobs: '/usr/lib/plexmediaserver/CrashUploader' exit code for process 274 is 0 (success)
Aug 16, 2026 00:17:51.667 [139651914324792] DEBUG - Request: [127.0.0.1:43110 (Loopback)] GET /servers (4 live) #5 GZIP Token ()
Aug 16, 2026 00:17:51.667 [139651976166200] DEBUG - Completed: [127.0.0.1:43110] 503 GET /servers (4 live) #5 GZIP 4ms 436 bytes
Aug 16, 2026 00:17:51.676 [139651922762552] DEBUG - Reading 486 bytes in the body, code is 200
Aug 16, 2026 00:17:51.676 [139651922762552] DEBUG - [com.plexapp.system] Plug-in running on port 41039.
Aug 16, 2026 00:17:51.676 [139651922762552] DEBUG -  * Plug-in handles prefix: /system
Aug 16, 2026 00:17:51.676 [139651922762552] DEBUG -  * Plug-in handles prefix: /player
Aug 16, 2026 00:17:51.676 [139651922762552] DEBUG - Read configuration for [com.plexapp.system], had 2 prefixes
Aug 16, 2026 00:17:51.677 [139651922762552] DEBUG - Done with 1 synchronous plug-in starts, starting the rest in parallel.
Aug 16, 2026 00:17:51.677 [139651922762552] DEBUG - PluginRepository::setStartState: 2, startingPlugins
Aug 16, 2026 00:17:51.677 [139651922762552] DEBUG - Updating the list of agents known by the system.
Aug 16, 2026 00:17:51.677 [139651922762552] DEBUG - [com.plexapp.system] Sending command over HTTP (GET): /system/agents
Aug 16, 2026 00:17:51.677 [139651922762552] DEBUG - [HCl#4] HTTP requesting GET http://127.0.0.1:41039/system/agents
Aug 16, 2026 00:17:51.679 [139651993447056] DEBUG - Image transcode cache directory: "/config/Library/Application Support/Plex Media Server/Cache/PhotoTranscoder"
Aug 16, 2026 00:17:51.681 [139651993447056] DEBUG - Transcoder: Cleaning old transcode directories.
Aug 16, 2026 00:17:51.681 [139651993447056] DEBUG - MyPlex: using cached data for request for https://servers.plex.tv/api/v2/server/access_tokens?auth_token=xxxxxxxxxxxxxxxxxxxx
Aug 16, 2026 00:17:51.682 [139651993447056] DEBUG - MyPlex: updating with 3 access tokens
Aug 16, 2026 00:17:51.683 [139651993447056] DEBUG - MyPlex: using cached data for request for https://servers.plex.tv/api/v2/server/users?auth_token=xxxxxxxxxxxxxxxxxxxx
Aug 16, 2026 00:17:51.683 [139651993447056] DEBUG - MyPlex: using cached data for request for https://servers.plex.tv/api/v2/server/users/subscriptions?auth_token=xxxxxxxxxxxxxxxxxxxx
Aug 16, 2026 00:17:51.683 [139651993447056] DEBUG - MyPlex: using cached data for request for https://servers.plex.tv/api/v2/server/users/services?auth_token=xxxxxxxxxxxxxxxxxxxx
Aug 16, 2026 00:17:51.684 [139651993447056] DEBUG - MyPlex: using cached data for request for https://servers.plex.tv/api/v2/user?includeSubscriptions=1&includeProviders=1
Aug 16, 2026 00:17:51.687 [139651993447056] DEBUG - MyPlex: username is jellyplex_watched, login is jellyplex-watched@luigi311.com, home is 0, no pin
Aug 16, 2026 00:17:51.688 [139651993447056] DEBUG - MyPlex: start public ip check and mapping - current mapped state: 'Unknown'.
Aug 16, 2026 00:17:51.688 [139651993447056] DEBUG - MyPlex: mapping state set to 'Not Mapped'.
Aug 16, 2026 00:17:51.688 [139651993447056] DEBUG - PublicAddressManager: Starting.
Aug 16, 2026 00:17:51.688 [139651993447056] DEBUG - PublicAddressManager: Obtaining public address and mapping port.
Aug 16, 2026 00:17:51.688 [139651916434232] DEBUG - PublicAddressManager: Obtaining public IP.
Aug 16, 2026 00:17:51.688 [139651916434232] DEBUG - [HCl#6] HTTP requesting GET https://v4.plex.tv/pms/:/ip
Aug 16, 2026 00:17:51.689 [139651986148152] DEBUG - NAT: UPnP, attempting port mapping.
Aug 16, 2026 00:17:51.689 [139651993447056] DEBUG - NetworkInterface: Starting watch thread.
Aug 16, 2026 00:17:51.688 [139651910105912] DEBUG - [HCl#5] HTTP requesting GET https://servers.plex.tv/api/v2/user?includeSubscriptions=1&includeProviders=1
Aug 16, 2026 00:17:51.692 [139651993447056] DEBUG - Network change.
Aug 16, 2026 00:17:51.692 [139651905887032] DEBUG - NetworkInterface: Watching for changes on the interfaces.
Aug 16, 2026 00:17:51.692 [139651993447056] DEBUG - NetworkInterface: Notified of network changed (force=0)
Aug 16, 2026 00:17:51.692 [139651993447056] DEBUG - Detected primary interface: 172.17.0.2
Aug 16, 2026 00:17:51.692 [139651993447056] DEBUG - Network interfaces:
Aug 16, 2026 00:17:51.692 [139651993447056] DEBUG -  * 1 lo (127.0.0.1) (00-00-00-00-00-00) (loopback: 1)
Aug 16, 2026 00:17:51.692 [139651993447056] DEBUG -  * 2 eth0 (172.17.0.2) (D6-FB-B6-9E-08-BF) (loopback: 0)
Aug 16, 2026 00:17:51.692 [139651993447056] DEBUG - Creating NetworkServices singleton.
Aug 16, 2026 00:17:51.692 [139651993447056] DEBUG - NetworkServices: Initializing...
Aug 16, 2026 00:17:51.693 [139651993447056] DEBUG - NetworkService: Creating new service.
Aug 16, 2026 00:17:51.693 [139651993447056] DEBUG - NetworkService: Got notification of changed network (first change: 1)
Aug 16, 2026 00:17:51.693 [139651993447056] DEBUG - NetworkService: Quick dispatch of network change.
Aug 16, 2026 00:17:51.693 [139651993447056] DEBUG - NetworkService: Creating new service.
Aug 16, 2026 00:17:51.693 [139651993447056] DEBUG - NetworkService: Got notification of changed network (first change: 1)
Aug 16, 2026 00:17:51.693 [139651993447056] DEBUG - NetworkService: Quick dispatch of network change.
Aug 16, 2026 00:17:51.693 [139651993447056] DEBUG - NetworkService: Creating new service.
Aug 16, 2026 00:17:51.693 [139651993447056] DEBUG - NetworkService: Got notification of changed network (first change: 1)
Aug 16, 2026 00:17:51.693 [139651993447056] DEBUG - NetworkService: Quick dispatch of network change.
Aug 16, 2026 00:17:51.693 [139651903777592] DEBUG - Network change for advertiser.
Aug 16, 2026 00:17:51.693 [139651993447056] DEBUG - NetworkService: Creating new service.
Aug 16, 2026 00:17:51.693 [139651903777592] DEBUG - NetworkService: Setting up multicast listener on 0.0.0.0:32414
Aug 16, 2026 00:17:51.693 [139651903777592] DEBUG - Network change for advertiser.
Aug 16, 2026 00:17:51.693 [139651903777592] DEBUG - NetworkService: Setting up multicast listener on 0.0.0.0:32410
Aug 16, 2026 00:17:51.693 [139651903777592] DEBUG - Network change for advertiser.
Aug 16, 2026 00:17:51.693 [139651903777592] DEBUG - NetworkService: Setting up multicast listener on 0.0.0.0:32412
Aug 16, 2026 00:17:51.695 [139651993447056] DEBUG - NetworkService: Got notification of changed network (first change: 1)
Aug 16, 2026 00:17:51.695 [139651993447056] DEBUG - NetworkService: Quick dispatch of network change.
Aug 16, 2026 00:17:51.695 [139651993447056] DEBUG - NetworkService: Creating new service.
Aug 16, 2026 00:17:51.695 [139651993447056] DEBUG - NetworkService: Got notification of changed network (first change: 1)
Aug 16, 2026 00:17:51.695 [139651993447056] DEBUG - NetworkService: Quick dispatch of network change.
Aug 16, 2026 00:17:51.695 [139651993447056] DEBUG - NetworkService: Creating new service.
Aug 16, 2026 00:17:51.695 [139651993447056] DEBUG - NetworkService: Got notification of changed network (first change: 1)
Aug 16, 2026 00:17:51.695 [139651993447056] DEBUG - NetworkService: Quick dispatch of network change.
Aug 16, 2026 00:17:51.698 [139651901668152] DEBUG - [HCl#7] HTTP requesting GET https://servers.plex.tv/api/v2/release_channels?X-Plex-Token=xxxxxxxxxxxxxxxxxxxx
Aug 16, 2026 00:17:51.698 [139651993447056] DEBUG - Waiting for server condition to be signaled.
Aug 16, 2026 00:17:51.698 [139651903777592] DEBUG - [NetworkService] Network change for browser (polled=0), closing 0 browse sockets.
Aug 16, 2026 00:17:51.698 [139651903777592] DEBUG - [NetworkService] NetworkService: Setting up multicast listener on 0.0.0.0:32413
Aug 16, 2026 00:17:51.698 [139651903777592] DEBUG - [NetworkService] Browsing on interface 127.0.0.1 on broadcast address 127.255.255.255 (index: 0)
Aug 16, 2026 00:17:51.698 [139651903777592] DEBUG - [NetworkService] Browsing on interface 172.17.0.2 on broadcast address 172.17.255.255 (index: 1)
Aug 16, 2026 00:17:51.698 [139651884792632] DEBUG - [HCl#8] HTTP requesting GET https://servers.plex.tv/api/v2/user/privacy?X-Plex-Token=xxxxxxxxxxxxxxxxxxxx
Aug 16, 2026 00:17:51.699 [139651882683192] DEBUG - [HCl#9] HTTP requesting GET https://servers.plex.tv/api/v2/features?X-Plex-Token=xxxxxxxxxxxxxxxxxxxx
Aug 16, 2026 00:17:51.699 [139651893230392] DEBUG - DVR: Starting up.
Aug 16, 2026 00:17:51.700 [139651893230392] DEBUG - Activity: registered new activity e760d656-4e0d-4bf4-af59-1183fda35943 - "Processing subscriptions"
Aug 16, 2026 00:17:51.701 [139651886902072] DEBUG - [DatabaseFixups] Running fix-ups.
Aug 16, 2026 00:17:51.701 [139651886902072] DEBUG - [DatabaseFixups/31DatabaseFixupsCleanupRetroGames] Executing fixup
Aug 16, 2026 00:17:51.701 [139651886902072] DEBUG - [DatabaseFixups/31DatabaseFixupsCleanupRetroGames] Fixup completed
Aug 16, 2026 00:17:51.701 [139651886902072] DEBUG - [DatabaseFixups/39DatabaseFixupsEnsureLibrarySectionUuids] Executing fixup
Aug 16, 2026 00:17:51.701 [139651886902072] DEBUG - [DatabaseFixups/39DatabaseFixupsEnsureLibrarySectionUuids] Fixup completed
Aug 16, 2026 00:17:51.701 [139651886902072] DEBUG - [DatabaseFixups/38DatabaseFixupsEnsureMetadataItemHashes] Executing fixup
Aug 16, 2026 00:17:51.701 [139651886902072] DEBUG - [DatabaseFixups/38DatabaseFixupsEnsureMetadataItemHashes] Fixup completed
Aug 16, 2026 00:17:51.701 [139651886902072] DEBUG - [DatabaseFixups/39DatabaseFixupsSetDefaultAccountLanguage] Executing fixup
Aug 16, 2026 00:17:51.702 [139651886902072] DEBUG - [DatabaseFixups/39DatabaseFixupsSetDefaultAccountLanguage] Fixup completed
Aug 16, 2026 00:17:51.702 [139651886902072] DEBUG - [DatabaseFixups/52DatabaseFixupsCreateDefaultMediaProcessingTargetTags] Executing fixup
Aug 16, 2026 00:17:51.702 [139651886902072] DEBUG - [DatabaseFixups/52DatabaseFixupsCreateDefaultMediaProcessingTargetTags] Fixup completed
Aug 16, 2026 00:17:51.702 [139651886902072] DEBUG - [DatabaseFixups/43DatabaseFixupsUpdateAutomaticLibraryFolders] Executing fixup
Aug 16, 2026 00:17:51.702 [139651886902072] DEBUG - [DatabaseFixups/43DatabaseFixupsUpdateAutomaticLibraryFolders] Fixup completed
Aug 16, 2026 00:17:51.702 [139651886902072] DEBUG - [DatabaseFixups/29DatabaseFixupsSyncCollections] Executing fixup
Aug 16, 2026 00:17:51.703 [139651886902072] DEBUG - [DatabaseFixups/29DatabaseFixupsSyncCollections] Collections: Found 0 collections tags in section 1.
Aug 16, 2026 00:17:51.704 [139651903777592] DEBUG - [NetworkService] Network change for browser (polled=1), closing 0 browse sockets.
Aug 16, 2026 00:17:51.704 [139651903777592] DEBUG - [NetworkService] Browsing on interface 127.0.0.1 on broadcast address 127.255.255.255 (index: 0)
Aug 16, 2026 00:17:51.704 [139651903777592] DEBUG - [NetworkService] Browsing on interface 172.17.0.2 on broadcast address 172.17.255.255 (index: 1)
Aug 16, 2026 00:17:51.704 [139651903777592] DEBUG - [NetworkService] Network change for browser (polled=0), closing 0 browse sockets.
Aug 16, 2026 00:17:51.704 [139651903777592] DEBUG - [NetworkService] NetworkService: Setting up multicast listener on 0.0.0.0:1901
Aug 16, 2026 00:17:51.705 [139651903777592] DEBUG - [NetworkService] Browsing on interface 172.17.0.2 on broadcast address 239.255.255.250 (index: 0)
Aug 16, 2026 00:17:51.705 [139651895339832] DEBUG - [ChildProcessMonitor] Plex Tuner Service starting.
Aug 16, 2026 00:17:51.705 [139651895339832] DEBUG - [ChildProcessMonitor/JobRunner] Job running: "/usr/lib/plexmediaserver/Plex Tuner Service" /usr/lib/plexmediaserver/Resources/Tuner/Private /usr/lib/plexmediaserver/Resources/Tuner/Shared 1.43.3.10861-07dfddaeb 32600
Aug 16, 2026 00:17:51.705 [139651895339832] DEBUG - [ChildProcessMonitor/JobRunner] Jobs: Starting child process with pid 317
Aug 16, 2026 00:17:51.708 [139651886902072] DEBUG - [DatabaseFixups/29DatabaseFixupsSyncCollections] Collections: We had 0 collections in the library already.
Aug 16, 2026 00:17:51.708 [139651886902072] DEBUG - [DatabaseFixups/29DatabaseFixupsSyncCollections] Collections: Synced tags in section 1 in 5ms.
Aug 16, 2026 00:17:51.710 [139651886902072] DEBUG - [DatabaseFixups/29DatabaseFixupsSyncCollections] Collections: Refreshed attributes for 0 collections in section 1 in 1ms.
Aug 16, 2026 00:17:51.710 [139651886902072] DEBUG - [DatabaseFixups/29DatabaseFixupsSyncCollections] Collection: Refreshed visibility in section 1 in 0ms.
Aug 16, 2026 00:17:51.711 [139651886902072] DEBUG - [DatabaseFixups/29DatabaseFixupsSyncCollections] Collections: Found 0 collections tags in section 3.
Aug 16, 2026 00:17:51.712 [139651886902072] DEBUG - [DatabaseFixups/29DatabaseFixupsSyncCollections] Collections: We had 0 collections in the library already.
Aug 16, 2026 00:17:51.712 [139651886902072] DEBUG - [DatabaseFixups/29DatabaseFixupsSyncCollections] Collections: Synced tags in section 3 in 1ms.
Aug 16, 2026 00:17:51.712 [139651886902072] DEBUG - [DatabaseFixups/29DatabaseFixupsSyncCollections] Collections: Found 0 collections tags in section 3.
Aug 16, 2026 00:17:51.712 [139651886902072] DEBUG - [DatabaseFixups/29DatabaseFixupsSyncCollections] Collections: We had 0 collections in the library already.
Aug 16, 2026 00:17:51.712 [139651886902072] DEBUG - [DatabaseFixups/29DatabaseFixupsSyncCollections] Collections: Synced tags in section 3 in 1ms.
Aug 16, 2026 00:17:51.712 [139651886902072] DEBUG - [DatabaseFixups/29DatabaseFixupsSyncCollections] Collections: Found 0 collections tags in section 3.
Aug 16, 2026 00:17:51.713 [139651886902072] DEBUG - [DatabaseFixups/29DatabaseFixupsSyncCollections] Collections: We had 0 collections in the library already.
Aug 16, 2026 00:17:51.713 [139651886902072] DEBUG - [DatabaseFixups/29DatabaseFixupsSyncCollections] Collections: Synced tags in section 3 in 2ms.
Aug 16, 2026 00:17:51.714 [139651886902072] DEBUG - [DatabaseFixups/29DatabaseFixupsSyncCollections] Collections: Refreshed attributes for 0 collections in section 3 in 1ms.
Aug 16, 2026 00:17:51.715 [139651886902072] DEBUG - [DatabaseFixups/29DatabaseFixupsSyncCollections] Collection: Refreshed visibility in section 3 in 0ms.
Aug 16, 2026 00:17:51.715 [139651886902072] DEBUG - [DatabaseFixups/29DatabaseFixupsSyncCollections] Collections: Found 0 collections tags in section 4.
Aug 16, 2026 00:17:51.715 [139651886902072] DEBUG - [DatabaseFixups/29DatabaseFixupsSyncCollections] Collections: We had 0 collections in the library already.
Aug 16, 2026 00:17:51.715 [139651886902072] DEBUG - [DatabaseFixups/29DatabaseFixupsSyncCollections] Collections: Synced tags in section 4 in 0ms.
Aug 16, 2026 00:17:51.717 [139651886902072] DEBUG - [DatabaseFixups/29DatabaseFixupsSyncCollections] Collections: Refreshed attributes for 0 collections in section 4 in 1ms.
Aug 16, 2026 00:17:51.717 [139651886902072] DEBUG - [DatabaseFixups/29DatabaseFixupsSyncCollections] Collection: Refreshed visibility in section 4 in 0ms.
Aug 16, 2026 00:17:51.717 [139651886902072] DEBUG - [DatabaseFixups/29DatabaseFixupsSyncCollections] Collections: Found 0 collections tags in section 5.
Aug 16, 2026 00:17:51.717 [139651886902072] DEBUG - [DatabaseFixups/29DatabaseFixupsSyncCollections] Collections: We had 0 collections in the library already.
Aug 16, 2026 00:17:51.717 [139651886902072] DEBUG - [DatabaseFixups/29DatabaseFixupsSyncCollections] Collections: Synced tags in section 5 in 0ms.
Aug 16, 2026 00:17:51.717 [139651886902072] DEBUG - [DatabaseFixups/29DatabaseFixupsSyncCollections] Collections: Found 0 collections tags in section 5.
Aug 16, 2026 00:17:51.718 [139651886902072] DEBUG - [DatabaseFixups/29DatabaseFixupsSyncCollections] Collections: We had 0 collections in the library already.
Aug 16, 2026 00:17:51.718 [139651886902072] DEBUG - [DatabaseFixups/29DatabaseFixupsSyncCollections] Collections: Synced tags in section 5 in 0ms.
Aug 16, 2026 00:17:51.718 [139651886902072] DEBUG - [DatabaseFixups/29DatabaseFixupsSyncCollections] Collections: Found 0 collections tags in section 5.
Aug 16, 2026 00:17:51.718 [139651886902072] DEBUG - [DatabaseFixups/29DatabaseFixupsSyncCollections] Collections: We had 0 collections in the library already.
Aug 16, 2026 00:17:51.718 [139651886902072] DEBUG - [DatabaseFixups/29DatabaseFixupsSyncCollections] Collections: Synced tags in section 5 in 0ms.
Aug 16, 2026 00:17:51.720 [139651886902072] DEBUG - [DatabaseFixups/29DatabaseFixupsSyncCollections] Collections: Refreshed attributes for 0 collections in section 5 in 1ms.
Aug 16, 2026 00:17:51.720 [139651886902072] DEBUG - [DatabaseFixups/29DatabaseFixupsSyncCollections] Collection: Refreshed visibility in section 5 in 0ms.
Aug 16, 2026 00:17:51.720 [139651886902072] DEBUG - [DatabaseFixups/29DatabaseFixupsSyncCollections] Fixup completed
Aug 16, 2026 00:17:51.720 [139651886902072] DEBUG - [DatabaseFixups/31DatabaseFixupsCleanupActivities] Executing fixup
Aug 16, 2026 00:17:51.720 [139651886902072] DEBUG - [DatabaseFixups/31DatabaseFixupsCleanupActivities] Fixup completed
Aug 16, 2026 00:17:51.720 [139651886902072] DEBUG - [DatabaseFixups/35DatabaseFixupsConsolidatePeopleTags] Executing fixup
Aug 16, 2026 00:17:51.721 [139651886902072] DEBUG - [DatabaseFixups/35DatabaseFixupsConsolidatePeopleTags] Fixup completed
Aug 16, 2026 00:17:51.721 [139651886902072] DEBUG - [DatabaseFixups/54DatabaseFixupsGarbageCollectTransientMetadataRelations] Executing fixup
Aug 16, 2026 00:17:51.722 [139651886902072] DEBUG - [DatabaseFixups/54DatabaseFixupsGarbageCollectTransientMetadataRelations] Fixup completed
Aug 16, 2026 00:17:51.722 [139651886902072] DEBUG - [DatabaseFixups/48DatabaseFixupsResetCorruptedMetadataItemClusters] Executing fixup
Aug 16, 2026 00:17:51.722 [139651886902072] DEBUG - [DatabaseFixups/48DatabaseFixupsResetCorruptedMetadataItemClusters] Fixup completed
Aug 16, 2026 00:17:51.722 [139651886902072] DEBUG - [DatabaseFixups] Running database fix-ups completed in 0.0 seconds.
Aug 16, 2026 00:17:51.776 [139651926981432] DEBUG - [HttpClient/HCl#4] HTTP/1.1 (0.1s) 200 response from GET http://127.0.0.1:41039/system/agents
Aug 16, 2026 00:17:51.776 [139651922762552] DEBUG - [com.plexapp.system] HTTP reply status 200, with 8986 bytes of content.
Aug 16, 2026 00:17:51.779 [139651922762552] DEBUG - The system knows about 12 agents.
Aug 16, 2026 00:17:51.780 [139651922762552] DEBUG - Waiting for 16 plug-ins to finish starting.
Aug 16, 2026 00:17:51.780 [139651876354872] DEBUG - Starting plug-in /usr/lib/plexmediaserver/Resources/Plug-ins-07dfddaeb/LastFM.bundle.
Aug 16, 2026 00:17:51.780 [139651880573752] DEBUG - Starting plug-in /usr/lib/plexmediaserver/Resources/Plug-ins-07dfddaeb/WebClient.bundle.
Aug 16, 2026 00:17:51.780 [139651878464312] DEBUG - Starting plug-in /usr/lib/plexmediaserver/Resources/Plug-ins-07dfddaeb/MoviePosterDB.bundle.
Aug 16, 2026 00:17:51.782 [139651878464312] DEBUG - Perfect cache hit, we don't need to start [com.plexapp.agents.movieposterdb] yet.
Aug 16, 2026 00:17:51.783 [139651880573752] DEBUG - Starting plug-in /usr/lib/plexmediaserver/Resources/Plug-ins-07dfddaeb/Framework.bundle.
Aug 16, 2026 00:17:51.784 [139651880573752] DEBUG - Starting plug-in /usr/lib/plexmediaserver/Resources/Plug-ins-07dfddaeb/Musicbrainz.bundle.
Aug 16, 2026 00:17:51.784 [139651880573752] DEBUG - Perfect cache hit, we don't need to start [org.musicbrainz.agents.music] yet.
Aug 16, 2026 00:17:51.784 [139651880573752] DEBUG - Starting plug-in /usr/lib/plexmediaserver/Resources/Plug-ins-07dfddaeb/PlexThemeMusic.bundle.
Aug 16, 2026 00:17:51.785 [139651876354872] DEBUG - Perfect cache hit, we don't need to start [com.plexapp.agents.lastfm] yet.
Aug 16, 2026 00:17:51.788 [139651876354872] DEBUG - Starting plug-in /usr/lib/plexmediaserver/Resources/Plug-ins-07dfddaeb/PersonalMedia.bundle.
Aug 16, 2026 00:17:51.790 [139651880573752] DEBUG - Perfect cache hit, we don't need to start [com.plexapp.agents.plexthememusic] yet.
Aug 16, 2026 00:17:51.792 [139651926981432] DEBUG - [HttpClient/HCl#7] HTTP/2.0 (0.1s) 200 response from GET https://servers.plex.tv/api/v2/release_channels?X-Plex-Token=xxxxxxxxxxxxxxxxxxxx (reused)
Aug 16, 2026 00:17:51.794 [139651876354872] DEBUG - Perfect cache hit, we don't need to start [com.plexapp.agents.none] yet.
Aug 16, 2026 00:17:51.794 [139651878464312] DEBUG - Starting plug-in /usr/lib/plexmediaserver/Resources/Plug-ins-07dfddaeb/LocalMedia.bundle.
Aug 16, 2026 00:17:51.795 [139651878464312] DEBUG - Perfect cache hit, we don't need to start [com.plexapp.agents.localmedia] yet.
Aug 16, 2026 00:17:51.795 [139651878464312] DEBUG - Starting plug-in /usr/lib/plexmediaserver/Resources/Plug-ins-07dfddaeb/LyricFind.bundle.
Aug 16, 2026 00:17:51.795 [139651878464312] DEBUG - Perfect cache hit, we don't need to start [com.plexapp.agents.lyricfind] yet.
Aug 16, 2026 00:17:51.795 [139651878464312] DEBUG - Starting plug-in /usr/lib/plexmediaserver/Resources/Plug-ins-07dfddaeb/Fanart-TV.bundle.
Aug 16, 2026 00:17:51.796 [139651878464312] DEBUG - Perfect cache hit, we don't need to start [com.plexapp.agents.fanarttv] yet.
Aug 16, 2026 00:17:51.796 [139651878464312] DEBUG - Starting plug-in /usr/lib/plexmediaserver/Resources/Plug-ins-07dfddaeb/PlexMovie.bundle.
Aug 16, 2026 00:17:51.797 [139651880573752] DEBUG - Starting plug-in /usr/lib/plexmediaserver/Resources/Plug-ins-07dfddaeb/HTbackdrops.bundle.
Aug 16, 2026 00:17:51.798 [139651880573752] DEBUG - Perfect cache hit, we don't need to start [com.plexapp.agents.htbackdrops] yet.
Aug 16, 2026 00:17:51.798 [139651880573752] DEBUG - Starting plug-in /usr/lib/plexmediaserver/Resources/Plug-ins-07dfddaeb/TheTVDBv4.bundle.
Aug 16, 2026 00:17:51.798 [139651880573752] DEBUG - Perfect cache hit, we don't need to start [com.plexapp.agents.thetvdb] yet.
Aug 16, 2026 00:17:51.798 [139651876354872] DEBUG - Starting plug-in /usr/lib/plexmediaserver/Resources/Plug-ins-07dfddaeb/TheMovieDB.bundle.
Aug 16, 2026 00:17:51.799 [139651876354872] DEBUG - Perfect cache hit, we don't need to start [com.plexapp.agents.themoviedb] yet.
Aug 16, 2026 00:17:51.799 [139651876354872] DEBUG - Starting plug-in /usr/lib/plexmediaserver/Resources/Plug-ins-07dfddaeb/Media-Flags.bundle.
Aug 16, 2026 00:17:51.801 [139651876354872] DEBUG - Starting plug-in /usr/lib/plexmediaserver/Resources/Plug-ins-07dfddaeb/Scanners.bundle.
Aug 16, 2026 00:17:51.804 [139651926981432] DEBUG - [HttpClient/HCl#8] HTTP/2.0 (0.1s) 200 response from GET https://servers.plex.tv/api/v2/user/privacy?X-Plex-Token=xxxxxxxxxxxxxxxxxxxx (reused)
Aug 16, 2026 00:17:51.805 [139651878464312] DEBUG - Perfect cache hit, we don't need to start [com.plexapp.agents.imdb] yet.
Aug 16, 2026 00:17:51.806 [139651922762552] DEBUG - Starting scheduled updates, every 3600 seconds
Aug 16, 2026 00:17:51.806 [139651922762552] INFO - Refreshing paths watched by LibraryUpdateManager
Aug 16, 2026 00:17:51.806 [139651865807672] DEBUG - Downloading document http://127.0.0.1:32400/:/plugins/com.plexapp.agents.imdb/prefs
Aug 16, 2026 00:17:51.806 [139651865807672] DEBUG - Translator: Found locale et_EE
Aug 16, 2026 00:17:51.806 [139651865807672] DEBUG - Translator: Found locale he
Aug 16, 2026 00:17:51.806 [139651865807672] DEBUG - Translator: Found locale zh_CN
Aug 16, 2026 00:17:51.806 [139651865807672] DEBUG - Translator: Found locale ja_JP
Aug 16, 2026 00:17:51.806 [139651865807672] DEBUG - Translator: Found locale en
Aug 16, 2026 00:17:51.806 [139651865807672] DEBUG - Translator: Found locale ar
Aug 16, 2026 00:17:51.806 [139651865807672] DEBUG - Translator: Found locale ru
Aug 16, 2026 00:17:51.806 [139651865807672] DEBUG - Translator: Found locale ro
Aug 16, 2026 00:17:51.806 [139651865807672] DEBUG - Translator: Found locale lt
Aug 16, 2026 00:17:51.806 [139651865807672] DEBUG - Translator: Found locale no
Aug 16, 2026 00:17:51.806 [139651865807672] DEBUG - Translator: Found locale sv
Aug 16, 2026 00:17:51.806 [139651865807672] DEBUG - Translator: Found locale da
Aug 16, 2026 00:17:51.806 [139651865807672] DEBUG - Translator: Found locale sl
Aug 16, 2026 00:17:51.806 [139651865807672] DEBUG - Translator: Found locale sk
Aug 16, 2026 00:17:51.806 [139651865807672] DEBUG - Translator: Found locale hu
Aug 16, 2026 00:17:51.806 [139651865807672] DEBUG - Translator: Found locale uk
Aug 16, 2026 00:17:51.806 [139651865807672] DEBUG - Translator: Found locale nl
Aug 16, 2026 00:17:51.806 [139651865807672] DEBUG - Translator: Found locale cs_CZ
Aug 16, 2026 00:17:51.806 [139651865807672] DEBUG - Translator: Found locale nl_BE
Aug 16, 2026 00:17:51.806 [139651865807672] DEBUG - Translator: Found locale fr
Aug 16, 2026 00:17:51.806 [139651865807672] DEBUG - Translator: Found locale pl
Aug 16, 2026 00:17:51.806 [139651865807672] DEBUG - Translator: Found locale es
Aug 16, 2026 00:17:51.806 [139651865807672] DEBUG - Translator: Found locale hr_HR
Aug 16, 2026 00:17:51.806 [139651865807672] DEBUG - Translator: Found locale ko
Aug 16, 2026 00:17:51.806 [139651865807672] DEBUG - Translator: Found locale fi
Aug 16, 2026 00:17:51.806 [139651865807672] DEBUG - Translator: Found locale af
Aug 16, 2026 00:17:51.806 [139651865807672] DEBUG - Translator: Found locale pt
Aug 16, 2026 00:17:51.806 [139651865807672] DEBUG - Translator: Found locale hu_HU
Aug 16, 2026 00:17:51.806 [139651865807672] DEBUG - Translator: Found locale pt_BR
Aug 16, 2026 00:17:51.806 [139651865807672] DEBUG - Translator: Found locale de
Aug 16, 2026 00:17:51.806 [139651865807672] DEBUG - Translator: Found locale it
Aug 16, 2026 00:17:51.806 [139651865807672] DEBUG - Translator: Found locale sr
Aug 16, 2026 00:17:51.806 [139651922762552] DEBUG - LibraryUpdateManager will start watching /custom_movies
Aug 16, 2026 00:17:51.807 [139651922762552] DEBUG - LibraryUpdateManager will start watching /custom_tvshows
Aug 16, 2026 00:17:51.807 [139651922762552] DEBUG - LibraryUpdateManager will start watching /movies
Aug 16, 2026 00:17:51.807 [139651922762552] DEBUG - LibraryUpdateManager will start watching /tvshows
Aug 16, 2026 00:17:51.807 [139651922762552] DEBUG - [Notify] Initializing.
Aug 16, 2026 00:17:51.807 [139651922762552] DEBUG - Done waiting for all plug-ins to start.
Aug 16, 2026 00:17:51.807 [139651922762552] DEBUG - PluginRepository::setStartState: 3, complete
Aug 16, 2026 00:17:51.807 [139651863698232] DEBUG - [Notify] Waiting for inotify notifications...
Aug 16, 2026 00:17:51.807 [139651861588792] DEBUG - [Notify] Now watching "/custom_movies"
Aug 16, 2026 00:17:51.807 [139651861588792] DEBUG - [Notify] Now watching "/custom_movies/Movie Four (2023)"
Aug 16, 2026 00:17:51.807 [139651861588792] DEBUG - [Notify] Now watching "/custom_movies/Movie One (2020)"
Aug 16, 2026 00:17:51.807 [139651861588792] DEBUG - [Notify] Now watching "/custom_movies/Movie Three (2022)"
Aug 16, 2026 00:17:51.807 [139651861588792] DEBUG - [Notify] Now watching "/custom_movies/Movie Two (2021)"
Aug 16, 2026 00:17:51.808 [139651861588792] DEBUG - [Notify] Now watching "/custom_tvshows"
Aug 16, 2026 00:17:51.808 [139651861588792] DEBUG - [Notify] Now watching "/custom_tvshows/Greatest Show Ever (3000)"
Aug 16, 2026 00:17:51.808 [139651861588792] DEBUG - [Notify] Now watching "/custom_tvshows/Greatest Show Ever (3000)/Season 1"
Aug 16, 2026 00:17:51.808 [139651861588792] DEBUG - [Notify] Now watching "/movies"
Aug 16, 2026 00:17:51.808 [139651861588792] DEBUG - [Notify] Now watching "/movies/Big Buck Bunny {tvdb-12352} {imdb-tt1254207}"
Aug 16, 2026 00:17:51.808 [139651861588792] DEBUG - [Notify] Now watching "/movies/Elephant Dream {tvdb-16180} {imdb-tt0807840}"
Aug 16, 2026 00:17:51.808 [139651861588792] DEBUG - [Notify] Now watching "/movies/Tears Of Steel {tvdb-37711} {imdb-tt2285752}"
Aug 16, 2026 00:17:51.808 [139651861588792] DEBUG - [Notify] Now watching "/movies/The Hunger Games The Ballad of Songbirds && Snakes (2023) {tmdb-695721} {imdb-tt10545296}"
Aug 16, 2026 00:17:51.808 [139651861588792] DEBUG - [Notify] Now watching "/movies/Five Nights at Freddy's (2023) {tmdb-507089} {imdb-tt4589218}"
Aug 16, 2026 00:17:51.808 [139651861588792] DEBUG - [Notify] Now watching "/movies/The Family Plan (2023) {tmdb-1029575} {imdb-tt16431870}"
Aug 16, 2026 00:17:51.808 [139651861588792] DEBUG - [Notify] Now watching "/movies/Killers of the Flower Moon (2023) {tmdb-466420} {imdb-tt5537002}"
Aug 16, 2026 00:17:51.808 [139651861588792] DEBUG - [Notify] Now watching "/tvshows"
Aug 16, 2026 00:17:51.808 [139651861588792] DEBUG - [Notify] Now watching "/tvshows/Monarch - Legacy of Monsters {tvdb-422598} {imdb-tt17220216}"
Aug 16, 2026 00:17:51.808 [139651861588792] DEBUG - [Notify] Now watching "/tvshows/Monarch - Legacy of Monsters {tvdb-422598} {imdb-tt17220216}/Season 1"
Aug 16, 2026 00:17:51.808 [139651861588792] DEBUG - [Notify] Now watching "/tvshows/Breaking Bad {tvdb-81189} {imdb-tt0903747}"
Aug 16, 2026 00:17:51.808 [139651861588792] DEBUG - [Notify] Now watching "/tvshows/Breaking Bad {tvdb-81189} {imdb-tt0903747}/Season1"
Aug 16, 2026 00:17:51.808 [139651861588792] DEBUG - [Notify] Now watching "/tvshows/Black Mirror {tvdb-253463} {imdb-tt2085059}"
Aug 16, 2026 00:17:51.809 [139651861588792] DEBUG - [Notify] Now watching "/tvshows/Black Mirror {tvdb-253463} {imdb-tt2085059}/Season 1"
Aug 16, 2026 00:17:51.809 [139651861588792] DEBUG - [Notify] Now watching "/tvshows/Doctor Who (2005) {tvdb-78804} {imdb-tt0436992}"
Aug 16, 2026 00:17:51.809 [139651861588792] DEBUG - [Notify] Now watching "/tvshows/Doctor Who (2005) {tvdb-78804} {imdb-tt0436992}/Season 1"
Aug 16, 2026 00:17:51.809 [139651861588792] DEBUG - [Notify] Now watching "/tvshows/ONE PIECE (2023) {tvdb-392276} {imdb-tt11737520}"
Aug 16, 2026 00:17:51.809 [139651861588792] DEBUG - [Notify] Now watching "/tvshows/ONE PIECE (2023) {tvdb-392276} {imdb-tt11737520}/Season 1"
Aug 16, 2026 00:17:51.809 [139651861588792] DEBUG - [Notify] Now watching "/tvshows/My Adventures with Superman {tvdb-403172} {imdb-tt14681924}"
Aug 16, 2026 00:17:51.809 [139651861588792] DEBUG - [Notify] Now watching "/tvshows/My Adventures with Superman {tvdb-403172} {imdb-tt14681924}/Season 1"
Aug 16, 2026 00:17:51.817 [139651865807672] DEBUG - [Req#9] Starting file watcher for com.plexapp.agents.imdb
Aug 16, 2026 00:17:51.817 [139651865807672] DEBUG - [Req#9] Plugin: setting environment variable: 'PYTHONHOME=/usr/lib/plexmediaserver/Resources/Python'
Aug 16, 2026 00:17:51.817 [139651865807672] DEBUG - [Req#9] Plugin: setting environment variable: 'PYTHONPATH=/usr/lib/plexmediaserver/Resources/Python/python27.zip:/usr/lib/plexmediaserver/Resources/Python/lib/python2.7/site-packages'
Aug 16, 2026 00:17:51.818 [139651865807672] DEBUG - [Req#9] Spawned plug-in com.plexapp.agents.imdb with PID 341
Aug 16, 2026 00:17:51.818 [139651865807672] DEBUG - [Req#9] [com.plexapp.agents.imdb] Sending command: GET /:/prefixes
Aug 16, 2026 00:17:51.848 [139651899558712] DEBUG - PublicAddressManager: Obtaining public address and mapping port.
Aug 16, 2026 00:17:51.887 [139651926981432] DEBUG - [HttpClient/HCl#9] HTTP/2.0 (0.2s) 200 response from GET https://servers.plex.tv/api/v2/features?X-Plex-Token=xxxxxxxxxxxxxxxxxxxx (reused)
Aug 16, 2026 00:17:51.895 [139651882683192] DEBUG - [HCl#a] HTTP requesting GET https://servers.plex.tv/api/v2/server/users/features?filterFeatures[]=b83c8dc9-5a01-4b7a-a7c9-5870c8a6e21b&filterFeatures[]=926bc176-58ca-47da-b8e3-080ed14ea6ba&filterFeatures[]=ea791163-c28d-4b7c-af88-bcc9553b206d&filterFeatures[]=6ab6677b-ad9b-444f-9ca1-b8027d05b3e1&filterFeatures[]=56cd352b-0d47-436d-aced-f20db3508de5
Aug 16, 2026 00:17:52.028 [139651926981432] DEBUG - [HttpClient/HCl#5] HTTP/2.0 (0.3s) 200 response from GET https://servers.plex.tv/api/v2/user?includeSubscriptions=1&includeProviders=1 (reused)
Aug 16, 2026 00:17:52.030 [139651918543672] DEBUG - MyPlex: username is jellyplex_watched, login is jellyplex-watched@luigi311.com, home is 0, no pin
Aug 16, 2026 00:17:52.030 [139651910105912] DEBUG - [HCl#b] HTTP requesting GET https://servers.plex.tv/api/v2/geoip
Aug 16, 2026 00:17:52.134 [139651926981432] DEBUG - [HttpClient/HCl#a] HTTP/2.0 (0.1s) 200 response from GET https://servers.plex.tv/api/v2/server/users/features?filterFeatures[]=b83c8dc9-5a01-4b7a-a7c9-5870c8a6e21b&filterFeatures[]=926bc176-58ca-47da-b8e3-080ed14ea6ba&filterFeatures[]=ea791163-c28d-4b7c-af88-bcc9553b206d&filterFeatures[]=6ab6677b-ad9b-444f-9ca1-b8027d05b3e1&filterFeatures[]=56cd352b-0d47-436d-aced-f20db3508de5 (reused)
Aug 16, 2026 00:17:52.137 [139651926981432] DEBUG - [HttpClient/HCl#b] HTTP/2.0 (0.1s) 200 response from GET https://servers.plex.tv/api/v2/geoip (reused)
Aug 16, 2026 00:17:52.139 [139651891120952] DEBUG - [HCl#c] HTTP requesting GET https://servers.plex.tv/api/v2/server/webhooks?X-Plex-Token=xxxxxxxxxxxxxxxxxxxx
Aug 16, 2026 00:17:52.139 [139651978275640] DEBUG - [EventSourceClient/pubsub/pubsub05.pop.yyz.plex.bz:443] Resolving pubsub05.pop.yyz.plex.bz port 443
Aug 16, 2026 00:17:52.140 [139651910105912] DEBUG - [HCl#d] HTTP requesting GET https://servers.plex.tv/api/v2/user/privacy?X-Plex-Token=xxxxxxxxxxxxxxxxxxxx
Aug 16, 2026 00:17:52.228 [139651926981432] DEBUG - [HttpClient/HCl#6] HTTP/1.1 (0.5s) 200 response from GET https://v4.plex.tv/pms/:/ip
Aug 16, 2026 00:17:52.228 [139651916434232] DEBUG - PublicAddressManager: Got public IP from v4.plex.tv: 20.57.133.124
Aug 16, 2026 00:17:52.243 [139651926981432] DEBUG - [HttpClient/HCl#d] HTTP/2.0 (0.1s) 200 response from GET https://servers.plex.tv/api/v2/user/privacy?X-Plex-Token=xxxxxxxxxxxxxxxxxxxx (reused)
Aug 16, 2026 00:17:52.245 [139651910105912] DEBUG - [HCl#f] HTTP requesting GET https://servers.plex.tv/api/v2/release_channels?X-Plex-Token=xxxxxxxxxxxxxxxxxxxx
Aug 16, 2026 00:17:52.254 [139651926981432] DEBUG - [HttpClient/HCl#c] HTTP/2.0 (0.1s) 200 response from GET https://servers.plex.tv/api/v2/server/webhooks?X-Plex-Token=xxxxxxxxxxxxxxxxxxxx (reused)
Aug 16, 2026 00:17:52.282 [139651978275640] DEBUG - [EventSourceClient/pubsub/pubsub05.pop.yyz.plex.bz:443] Resolved pubsub05.pop.yyz.plex.bz to 172.105.19.43:443
Aug 16, 2026 00:17:52.338 [139651926981432] DEBUG - [HttpClient/HCl#f] HTTP/2.0 (0.1s) 200 response from GET https://servers.plex.tv/api/v2/release_channels?X-Plex-Token=xxxxxxxxxxxxxxxxxxxx (reused)
Aug 16, 2026 00:17:52.339 [139651910105912] DEBUG - [HCl#10] HTTP requesting GET https://servers.plex.tv/api/v2/features?X-Plex-Token=xxxxxxxxxxxxxxxxxxxx
Aug 16, 2026 00:17:52.459 [139651976166200] DEBUG - [EventSourceClient/pubsub/pubsub05.pop.yyz.plex.bz:443] Connected in 176 ms.
Aug 16, 2026 00:17:52.460 [139651976166200] DEBUG - [EventSourceClient/pubsub/pubsub05.pop.yyz.plex.bz:443] Wrote data, reading reply.
Aug 16, 2026 00:17:52.503 [139651926981432] DEBUG - [HttpClient/HCl#10] HTTP/2.0 (0.2s) 200 response from GET https://servers.plex.tv/api/v2/features?X-Plex-Token=xxxxxxxxxxxxxxxxxxxx (reused)
Aug 16, 2026 00:17:52.505 [139651910105912] DEBUG - [HCl#11] HTTP requesting GET https://servers.plex.tv/api/v2/server/users/features?filterFeatures[]=b83c8dc9-5a01-4b7a-a7c9-5870c8a6e21b&filterFeatures[]=926bc176-58ca-47da-b8e3-080ed14ea6ba&filterFeatures[]=ea791163-c28d-4b7c-af88-bcc9553b206d&filterFeatures[]=6ab6677b-ad9b-444f-9ca1-b8027d05b3e1&filterFeatures[]=56cd352b-0d47-436d-aced-f20db3508de5
Aug 16, 2026 00:17:52.616 [139651976166200] DEBUG - [EventSourceClient/pubsub/pubsub05.pop.yyz.plex.bz:443] Read HTTP reply header.
Aug 16, 2026 00:17:52.616 [139651976166200] DEBUG - [EventSourceClient/pubsub/pubsub05.pop.yyz.plex.bz:443] MyPlex: We appear to have regained Internet connectivity.
Aug 16, 2026 00:17:52.658 [139651926981432] DEBUG - [HttpClient/HCl#11] HTTP/2.0 (0.2s) 200 response from GET https://servers.plex.tv/api/v2/server/users/features?filterFeatures[]=b83c8dc9-5a01-4b7a-a7c9-5870c8a6e21b&filterFeatures[]=926bc176-58ca-47da-b8e3-080ed14ea6ba&filterFeatures[]=ea791163-c28d-4b7c-af88-bcc9553b206d&filterFeatures[]=6ab6677b-ad9b-444f-9ca1-b8027d05b3e1&filterFeatures[]=56cd352b-0d47-436d-aced-f20db3508de5 (reused)
Aug 16, 2026 00:17:52.664 [139651910105912] DEBUG - CERT: Certificate will not expire soon; we'll check again in a week.
Aug 16, 2026 00:17:52.665 [139651910105912] DEBUG - MyPlex: Updating device connections (from timer: 0)
Aug 16, 2026 00:17:52.665 [139651859209016] DEBUG - MyPlex: sendMapping resetting state - previous mapping state: 'Not Mapped'.
Aug 16, 2026 00:17:52.665 [139651859209016] DEBUG - MyPlex: mapping state set to 'Unknown'.
Aug 16, 2026 00:17:52.666 [139651859209016] DEBUG - MyPlex: Sending Server Info to myPlex (user=jellyplex-watched@luigi311.com, ip=, port=0)
Aug 16, 2026 00:17:52.666 [139651859209016] DEBUG - [HCl#12] HTTP requesting POST https://servers.plex.tv/servers.xml?auth_token=xxxxxxxxxxxxxxxxxxxx
Aug 16, 2026 00:17:52.666 [139651910105912] DEBUG - [HCl#13] HTTP requesting PUT https://servers.plex.tv/devices/4aa082f4f7d6dd1a83a571d03b236b07794db03c?Connection[][uri]=http://172.17.0.2:32400&httpsEnabled=1&httpsRequired=0&dnsRebindingProtection=0&X-Plex-Token=xxxxxxxxxxxxxxxxxxxx
Aug 16, 2026 00:17:52.778 [139651926981432] DEBUG - [HttpClient/HCl#13] HTTP/2.0 (0.1s) 200 response from PUT https://servers.plex.tv/devices/4aa082f4f7d6dd1a83a571d03b236b07794db03c?Connection[][uri]=http://172.17.0.2:32400&httpsEnabled=1&httpsRequired=0&dnsRebindingProtection=0&X-Plex-Token=xxxxxxxxxxxxxxxxxxxx (reused)
Aug 16, 2026 00:17:52.793 [139651926981432] DEBUG - [HttpClient/HCl#12] HTTP/2.0 (0.1s) 422 response from POST https://servers.plex.tv/servers.xml?auth_token=xxxxxxxxxxxxxxxxxxxx (reused)
Aug 16, 2026 00:17:52.793 [139651859209016] DEBUG - MyPlex: Published Mapping State response was 422
Aug 16, 2026 00:17:52.793 [139651859209016] DEBUG - MyPlex: Got response for 4aa082f4f7d6dd1a83a571d03b236b07794db03c ~ registered :0
Aug 16, 2026 00:17:52.793 [139651859209016] DEBUG - MyPlex: updating mapped state - current state: 'Not Mapped'
Aug 16, 2026 00:17:52.793 [139651859209016] DEBUG - MyPlex: mapping state set to 'Not Mapped'.
Aug 16, 2026 00:17:52.806 [139651914324792] DEBUG - Request: [127.0.0.1:43116 (Loopback)] GET /system/messaging/clear_events/com.plexapp.agents.imdb (5 live) #8 GZIP Signed-in Token (jellyplex_watched)
Aug 16, 2026 00:17:52.806 [139651914324792] DEBUG - [Req#8] [com.plexapp.system] Sending command over HTTP (GET): /system/messaging/clear_events/com.plexapp.agents.imdb
Aug 16, 2026 00:17:52.806 [139651914324792] DEBUG - [Req#8/HCl#14] HTTP requesting GET http://127.0.0.1:41039/system/messaging/clear_events/com.plexapp.agents.imdb
Aug 16, 2026 00:17:52.813 [139651926981432] DEBUG - [HttpClient/HCl#14] HTTP/1.1 (0.0s) 200 response from GET http://127.0.0.1:41039/system/messaging/clear_events/com.plexapp.agents.imdb (reused)
Aug 16, 2026 00:17:52.813 [139651914324792] DEBUG - [Req#8] [com.plexapp.system] HTTP reply status 200, with 0 bytes of content.
Aug 16, 2026 00:17:52.813 [139651978275640] DEBUG - Completed: [127.0.0.1:43116] 200 GET /system/messaging/clear_events/com.plexapp.agents.imdb (5 live) #8 GZIP 8ms 280 bytes
Aug 16, 2026 00:17:52.815 [139651922762552] DEBUG - File "/config/Library/Application Support/Plex Media Server/Plug-ins" changed: 2026-08-10 10:25:12 (1786357512) => 2026-08-16 00:17:51 (1786839471).
Aug 16, 2026 00:17:52.904 [139651976166200] DEBUG - [EventSourceClient/pubsub/pubsub05.pop.yyz.plex.bz:443] PublicAddressManager: Obtaining public address and mapping port.
Aug 16, 2026 00:17:52.904 [139651976166200] DEBUG - [EventSourceClient/pubsub/pubsub05.pop.yyz.plex.bz:443] MyPlex: async reachability check - current mapped state: 'Not Mapped'.
Aug 16, 2026 00:17:52.904 [139651976166200] WARN - [EventSourceClient/pubsub/pubsub05.pop.yyz.plex.bz:443] MyPlex: attempted a reachability check but we're not yet mapped.
Aug 16, 2026 00:17:52.904 [139651976166200] DEBUG - [EventSourceClient/pubsub/pubsub05.pop.yyz.plex.bz:443] Successfully connected to pubsub05.pop.yyz.plex.bz.
Aug 16, 2026 00:17:52.904 [139651914324792] DEBUG - Request: [127.0.0.1:43132 (Loopback)] GET /:/plugins/com.plexapp.system/resourceHashes (5 live) #12 GZIP Signed-in Token (jellyplex_watched)
Aug 16, 2026 00:17:53.815 [139651922762552] DEBUG - Scanning for plug-ins in "/usr/lib/plexmediaserver/Resources/Plug-ins-07dfddaeb"
Aug 16, 2026 00:17:53.836 [139651922762552] DEBUG - Scanning for plug-ins in "/config/Library/Application Support/Plex Media Server/Plug-ins"
Aug 16, 2026 00:17:53.836 [139651922762552] DEBUG - PluginRepository::setStartState: 1, startingSystem
Aug 16, 2026 00:17:53.836 [139651922762552] DEBUG - PluginRepository::setStartState: 2, startingPlugins
Aug 16, 2026 00:17:53.836 [139651922762552] DEBUG - Updating the list of agents known by the system.
Aug 16, 2026 00:17:53.836 [139651922762552] DEBUG - [com.plexapp.system] Sending command over HTTP (GET): /system/agents
Aug 16, 2026 00:17:53.836 [139651914324792] DEBUG - [Req#12] [com.plexapp.system] Sending command over HTTP (GET): /:/plugins/com.plexapp.system/resourceHashes
Aug 16, 2026 00:17:53.837 [139651914324792] DEBUG - [Req#12/HCl#16] HTTP requesting GET http://127.0.0.1:41039/:/plugins/com.plexapp.system/resourceHashes
Aug 16, 2026 00:17:53.837 [139651922762552] DEBUG - [HCl#15] HTTP requesting GET http://127.0.0.1:41039/system/agents
Aug 16, 2026 00:17:53.892 [139651926981432] DEBUG - [HttpClient/HCl#15] HTTP/1.1 (0.1s) 200 response from GET http://127.0.0.1:41039/system/agents
Aug 16, 2026 00:17:53.893 [139651922762552] DEBUG - [com.plexapp.system] HTTP reply status 200, with 8986 bytes of content.
Aug 16, 2026 00:17:53.897 [139651922762552] DEBUG - The system knows about 12 agents.
Aug 16, 2026 00:17:53.897 [139651922762552] DEBUG - Waiting for 0 plug-ins to finish starting.
Aug 16, 2026 00:17:53.897 [139651922762552] DEBUG - Done waiting for all plug-ins to start.
Aug 16, 2026 00:17:53.897 [139651922762552] DEBUG - PluginRepository::setStartState: 3, complete
Aug 16, 2026 00:17:53.897 [139651882683192] DEBUG - Downloading document http://127.0.0.1:32400/:/plugins/com.plexapp.agents.imdb/prefs
Aug 16, 2026 00:17:53.976 [139651926981432] DEBUG - [HttpClient/HCl#16] HTTP/1.1 (0.1s) 404 response from GET http://127.0.0.1:41039/:/plugins/com.plexapp.system/resourceHashes
Aug 16, 2026 00:17:53.976 [139651914324792] DEBUG - [Req#12] [com.plexapp.system] HTTP reply status 404, with 0 bytes of content.
Aug 16, 2026 00:17:53.977 [139651976166200] DEBUG - Completed: [127.0.0.1:43132] 404 GET /:/plugins/com.plexapp.system/resourceHashes (4 live) #12 GZIP 1072ms 261 bytes
Aug 16, 2026 00:17:53.994 [139651914324792] DEBUG - Request: [127.0.0.1:43134 (Loopback)] GET /:/plugins/com.plexapp.system/messaging/function/X0J1bmRsZVNlcnZpY2U6QWxsU2VydmljZXM_/Y2VyZWFsMQoxCmxpc3QKMApyMAo_/Y2VyZWFsMQoxCmRpY3QKMApyMAo_ (4 live) #14 GZIP Signed-in Token (jellyplex_watched)
Aug 16, 2026 00:17:53.994 [139651914324792] DEBUG - [Req#14] [com.plexapp.system] Sending command over HTTP (GET): /:/plugins/com.plexapp.system/messaging/function/X0J1bmRsZVNlcnZpY2U6QWxsU2VydmljZXM_/Y2VyZWFsMQoxCmxpc3QKMApyMAo_/Y2VyZWFsMQoxCmRpY3QKMApyMAo_
Aug 16, 2026 00:17:53.994 [139651914324792] DEBUG - [Req#14/HCl#17] HTTP requesting GET http://127.0.0.1:41039/:/plugins/com.plexapp.system/messaging/function/X0J1bmRsZVNlcnZpY2U6QWxsU2VydmljZXM_/Y2VyZWFsMQoxCmxpc3QKMApyMAo_/Y2VyZWFsMQoxCmRpY3QKMApyMAo_
Aug 16, 2026 00:17:54.005 [139651859209016] DEBUG - Request: [127.0.0.1:43136 (Loopback)] GET / (4 live) #18 GZIP Signed-in Token (jellyplex_watched)
Aug 16, 2026 00:17:54.008 [139651978275640] DEBUG - Completed: [127.0.0.1:43136] 200 GET / (5 live) #18 GZIP 2ms 4143 bytes
Aug 16, 2026 00:17:54.055 [139651926981432] DEBUG - [HttpClient/HCl#17] HTTP/1.1 (0.1s) 200 response from GET http://127.0.0.1:41039/:/plugins/com.plexapp.system/messaging/function/X0J1bmRsZVNlcnZpY2U6QWxsU2VydmljZXM_/Y2VyZWFsMQoxCmxpc3QKMApyMAo_/Y2VyZWFsMQoxCmRpY3QKMApyMAo_ (reused)
Aug 16, 2026 00:17:54.055 [139651914324792] DEBUG - [Req#14] [com.plexapp.system] HTTP reply status 200, with 516 bytes of content.
Aug 16, 2026 00:17:54.056 [139651978275640] DEBUG - Completed: [127.0.0.1:43134] 200 GET /:/plugins/com.plexapp.system/messaging/function/X0J1bmRsZVNlcnZpY2U6QWxsU2VydmljZXM_/Y2VyZWFsMQoxCmxpc3QKMApyMAo_/Y2VyZWFsMQoxCmRpY3QKMApyMAo_ (4 live) #14 GZIP 61ms 746 bytes
Aug 16, 2026 00:17:54.859 [139651859209016] DEBUG - Request: [127.0.0.1:43150 (Loopback)] GET /:/plugins/com.plexapp.system/messaging/function/X0FnZW50U2VydmljZTpVcGRhdGVJbmZv/Y2VyZWFsMQoxCmxpc3QKMApyMAo_/Y2VyZWFsMQo3CmRpY3QKbGlzdApkaWN0Cmxpc3QKbGlzdApsaXN0Cmxpc3QKMgpzMjMKY29tLnBsZXhhcHAuYWdlbnRzLmltZGJzMTAKaWRlbnRpZmllcnIxCnMxMAphZ2VudF9pbmZvMQpyMgoxMApyMwpzMTEKbWVkaWFfdHlwZXNyNApzMTIKYWNjZXB0c19mcm9tbnMxNApmYWxsYmFja19hZ2VudHI1CnMxNApjb250cmlidXRlc190b3I2CnM5Cmxhbmd1YWdlc2IxczIwCnBlcnNpc3Rfc3RvcmVkX2ZpbGVzaTAKczcKdmVyc2lvbmIxczE2CnByaW1hcnlfcHJvdmlkZXJiMXM1CnByZWZzczE5ClBsZXggTW92aWUgKExlZ2FjeSlzNApuYW1lMQpzNQpNb3ZpZTEKczI5CmNvbS5wbGV4YXBwLmFnZW50cy5sb2NhbG1lZGlhMQpzMjkKY29tLnBsZXhhcHAuYWdlbnRzLnRoZW1vdmllZGIzMwpzMgplbnMyCnN2czIKZnJzMgplc3MyCm5sczIKZGVzMgppdHMyCmRhczIKYXJzMgpjYXMyCnpoczIKY3NzMgpldHMyCmZpczIKZWxzMgpoZXMyCmhpczIKaHVzMgppZHMyCmphczIKa29zMgpsdnMyCm5vczIKZmFzMgpwbHMyCnB0czIKcm9zMgpydXMyCnNrczIKdGhzMgp0cnMyCnVrczIKdmlyMAo_ (2 live) #19 GZIP Signed-in Token (jellyplex_watched)
Aug 16, 2026 00:17:54.861 [139651859209016] DEBUG - [Req#19] [com.plexapp.system] Sending command over HTTP (GET): /:/plugins/com.plexapp.system/messaging/function/X0FnZW50U2VydmljZTpVcGRhdGVJbmZv/Y2VyZWFsMQoxCmxpc3QKMApyMAo_/Y2VyZWFsMQo3CmRpY3QKbGlzdApkaWN0Cmxpc3QKbGlzdApsaXN0Cmxpc3QKMgpzMjMKY29tLnBsZXhhcHAuYWdlbnRzLmltZGJzMTAKaWRlbnRpZmllcnIxCnMxMAphZ2VudF9pbmZvMQpyMgoxMApyMwpzMTEKbWVkaWFfdHlwZXNyNApzMTIKYWNjZXB0c19mcm9tbnMxNApmYWxsYmFja19hZ2VudHI1CnMxNApjb250cmlidXRlc190b3I2CnM5Cmxhbmd1YWdlc2IxczIwCnBlcnNpc3Rfc3RvcmVkX2ZpbGVzaTAKczcKdmVyc2lvbmIxczE2CnByaW1hcnlfcHJvdmlkZXJiMXM1CnByZWZzczE5ClBsZXggTW92aWUgKExlZ2FjeSlzNApuYW1lMQpzNQpNb3ZpZTEKczI5CmNvbS5wbGV4YXBwLmFnZW50cy5sb2NhbG1lZGlhMQpzMjkKY29tLnBsZXhhcHAuYWdlbnRzLnRoZW1vdmllZGIzMwpzMgplbnMyCnN2czIKZnJzMgplc3MyCm5sczIKZGVzMgppdHMyCmRhczIKYXJzMgpjYXMyCnpoczIKY3NzMgpldHMyCmZpczIKZWxzMgpoZXMyCmhpczIKaHVzMgppZHMyCmphczIKa29zMgpsdnMyCm5vczIKZmFzMgpwbHMyCnB0czIKcm9zMgpydXMyCnNrczIKdGhzMgp0cnMyCnVrczIKdmlyMAo_
Aug 16, 2026 00:17:54.861 [139651859209016] DEBUG - [Req#19/HCl#1a] HTTP requesting GET http://127.0.0.1:41039/:/plugins/com.plexapp.system/messaging/function/X0FnZW50U2VydmljZTpVcGRhdGVJbmZv/Y2VyZWFsMQoxCmxpc3QKMApyMAo_/Y2VyZWFsMQo3CmRpY3QKbGlzdApkaWN0Cmxpc3QKbGlzdApsaXN0Cmxpc3QKMgpzMjMKY29tLnBsZXhhcHAuYWdlbnRzLmltZGJzMTAKaWRlbnRpZmllcnIxCnMxMAphZ2VudF9pbmZvMQpyMgoxMApyMwpzMTEKbWVkaWFfdHlwZXNyNApzMTIKYWNjZXB0c19mcm9tbnMxNApmYWxsYmFja19hZ2VudHI1CnMxNApjb250cmlidXRlc190b3I2CnM5Cmxhbmd1YWdlc2IxczIwCnBlcnNpc3Rfc3RvcmVkX2ZpbGVzaTAKczcKdmVyc2lvbmIxczE2CnByaW1hcnlfcHJvdmlkZXJiMXM1CnByZWZzczE5ClBsZXggTW92aWUgKExlZ2FjeSlzNApuYW1lMQpzNQpNb3ZpZTEKczI5CmNvbS5wbGV4YXBwLmFnZW50cy5sb2NhbG1lZGlhMQpzMjkKY29tLnBsZXhhcHAuYWdlbnRzLnRoZW1vdmllZGIzMwpzMgplbnMyCnN2czIKZnJzMgplc3MyCm5sczIKZGVzMgppdHMyCmRhczIKYXJzMgpjYXMyCnpoczIKY3NzMgpldHMyCmZpczIKZWxzMgpoZXMyCmhpczIKaHVzMgppZHMyCmphczIKa29zMgpsdnMyCm5vczIKZmFzMgpwbHMyCnB0czIKcm9zMgpydXMyCnNrczIKdGhzMgp0cnMyCnVrczIKdmlyMAo_
Aug 16, 2026 00:17:54.868 [139651926981432] DEBUG - [HttpClient/HCl#1a] HTTP/1.1 (0.0s) 200 response from GET http://127.0.0.1:41039/:/plugins/com.plexapp.system/messaging/function/X0FnZW50U2VydmljZTpVcGRhdGVJbmZv/Y2VyZWFsMQoxCmxpc3QKMApyMAo_/Y2VyZWFsMQo3CmRpY3QKbGlzdApkaWN0Cmxpc3QKbGlzdApsaXN0Cmxpc3QKMgpzMjMKY29tLnBsZXhhcHAuYWdlbnRzLmltZGJzMTAKaWRlbnRpZmllcnIxCnMxMAphZ2VudF9pbmZvMQpyMgoxMApyMwpzMTEKbWVkaWFfdHlwZXNyNApzMTIKYWNjZXB0c19mcm9tbnMxNApmYWxsYmFja19hZ2VudHI1CnMxNApjb250cmlidXRlc190b3I2CnM5Cmxhbmd1YWdlc2IxczIwCnBlcnNpc3Rfc3RvcmVkX2ZpbGVzaTAKczcKdmVyc2lvbmIxczE2CnByaW1hcnlfcHJvdmlkZXJiMXM1CnByZWZzczE5ClBsZXggTW92aWUgKExlZ2FjeSlzNApuYW1lMQpzNQpNb3ZpZTEKczI5CmNvbS5wbGV4YXBwLmFnZW50cy5sb2NhbG1lZGlhMQpzMjkKY29tLnBsZXhhcHAuYWdlbnRzLnRoZW1vdmllZGIzMwpzMgplbnMyCnN2czIKZnJzMgplc3MyCm5sczIKZGVzMgppdHMyCmRhczIKYXJzMgpjYXMyCnpoczIKY3NzMgpldHMyCmZpczIKZWxzMgpoZXMyCmhpczIKaHVzMgppZHMyCmphczIKa29zMgpsdnMyCm5vczIKZmFzMgpwbHMyCnB0czIKcm9zMgpydXMyCnNrczIKdGhzMgp0cnMyCnVrczIKdmlyMAo_
Aug 16, 2026 00:17:54.868 [139651859209016] DEBUG - [Req#19] [com.plexapp.system] HTTP reply status 200, with 16 bytes of content.
Aug 16, 2026 00:17:54.868 [139651976166200] DEBUG - Completed: [127.0.0.1:43150] 200 GET /:/plugins/com.plexapp.system/messaging/function/X0FnZW50U2VydmljZTpVcGRhdGVJbmZv/Y2VyZWFsMQoxCmxpc3QKMApyMAo_/Y2VyZWFsMQo3CmRpY3QKbGlzdApkaWN0Cmxpc3QKbGlzdApsaXN0Cmxpc3QKMgpzMjMKY29tLnBsZXhhcHAuYWdlbnRzLmltZGJzMTAKaWRlbnRpZmllcnIxCnMxMAphZ2VudF9pbmZvMQpyMgoxMApyMwpzMTEKbWVkaWFfdHlwZXNyNApzMTIKYWNjZXB0c19mcm9tbnMxNApmYWxsYmFja19hZ2VudHI1CnMxNApjb250cmlidXRlc190b3I2CnM5Cmxhbmd1YWdlc2IxczIwCnBlcnNpc3Rfc3RvcmVkX2ZpbGVzaTAKczcKdmVyc2lvbmIxczE2CnByaW1hcnlfcHJvdmlkZXJiMXM1CnByZWZzczE5ClBsZXggTW92aWUgKExlZ2FjeSlzNApuYW1lMQpzNQpNb3ZpZTEKczI5CmNvbS5wbGV4YXBwLmFnZW50cy5sb2NhbG1lZGlhMQpzMjkKY29tLnBsZXhhcHAuYWdlbnRzLnRoZW1vdmllZGIzMwpzMgplbnMyCnN2czIKZnJzMgplc3MyCm5sczIKZGVzMgppdHMyCmRhczIKYXJzMgpjYXMyCnpoczIKY3NzMgpldHMyCmZpczIKZWxzMgpoZXMyCmhpczIKaHVzMgppZHMyCmphczIKa29zMgpsdnMyCm5vczIKZmFzMgpwbHMyCnB0czIKcm9zMgpydXMyCnNrczIKdGhzMgp0cnMyCnVrczIKdmlyMAo_ (3 live) #19 GZIP 8ms 415 bytes
Aug 16, 2026 00:17:54.874 [139651865807672] DEBUG - [Req#9] Reading 148 bytes in the body, code is 200
Aug 16, 2026 00:17:54.874 [139651865807672] DEBUG - [Req#9] [com.plexapp.agents.imdb] Plug-in running on port 46809.
Aug 16, 2026 00:17:54.874 [139651865807672] DEBUG - [Req#9] Read configuration for [com.plexapp.agents.imdb], had 0 prefixes
Aug 16, 2026 00:17:54.877 [139651865807672] DEBUG - [Req#9] [com.plexapp.agents.imdb] Sending command over HTTP (GET): /:/plugins/com.plexapp.agents.imdb/prefs
Aug 16, 2026 00:17:54.877 [139651865807672] DEBUG - [Req#9/HCl#1b] HTTP requesting GET http://127.0.0.1:46809/:/plugins/com.plexapp.agents.imdb/prefs
Aug 16, 2026 00:17:54.877 [139651882683192] DEBUG - [Req#16] [com.plexapp.agents.imdb] Sending command over HTTP (GET): /:/plugins/com.plexapp.agents.imdb/prefs
Aug 16, 2026 00:17:54.877 [139651882683192] DEBUG - [Req#16/HCl#1c] HTTP requesting GET http://127.0.0.1:46809/:/plugins/com.plexapp.agents.imdb/prefs
Aug 16, 2026 00:17:54.906 [139651926981432] DEBUG - [HttpClient/HCl#1c] HTTP/1.1 (0.0s) 200 response from GET http://127.0.0.1:46809/:/plugins/com.plexapp.agents.imdb/prefs
Aug 16, 2026 00:17:54.907 [139651882683192] DEBUG - [Req#16] [com.plexapp.agents.imdb] HTTP reply status 200, with 2224 bytes of content.
Aug 16, 2026 00:17:54.907 [139651882683192] DEBUG - Caching document http://127.0.0.1:32400/:/plugins/com.plexapp.agents.imdb/prefs as 40e02a2de48f93dbfb770f0690a4be6fd17fbfe0
Aug 16, 2026 00:17:54.907 [139651882683192] DEBUG - IVA: Downloading trailer lists.
Aug 16, 2026 00:17:54.909 [139651926981432] DEBUG - [HttpClient/HCl#1b] HTTP/1.1 (0.0s) 200 response from GET http://127.0.0.1:46809/:/plugins/com.plexapp.agents.imdb/prefs
Aug 16, 2026 00:17:54.909 [139651865807672] DEBUG - [Req#9] [com.plexapp.agents.imdb] HTTP reply status 200, with 2224 bytes of content.
Aug 16, 2026 00:17:54.910 [139651865807672] DEBUG - Caching document http://127.0.0.1:32400/:/plugins/com.plexapp.agents.imdb/prefs as 40e02a2de48f93dbfb770f0690a4be6fd17fbfe0
Aug 16, 2026 00:17:54.910 [139651865807672] DEBUG - IVA: Downloading trailer lists.
Aug 16, 2026 00:17:55.030 [139651882683192] DEBUG - IVA: Downloaded 40 trailers for source 1.
Aug 16, 2026 00:17:55.036 [139651865807672] DEBUG - IVA: Downloaded 40 trailers for source 1.
Aug 16, 2026 00:17:55.053 [139651882683192] DEBUG - IVA: Downloaded 31 trailers for source 2.
Aug 16, 2026 00:17:55.058 [139651865807672] DEBUG - IVA: Downloaded 31 trailers for source 2.
Aug 16, 2026 00:17:55.139 [139651891120952] DEBUG - [MediaProviderManager] Refreshing media providers
Aug 16, 2026 00:17:55.139 [139651891120952] DEBUG - [MediaProviderManager/Response::fetch/HCl#21] HTTP requesting GET https://servers.plex.tv/media/providers
Aug 16, 2026 00:17:55.315 [139651926981432] DEBUG - [HttpClient/HCl#21] HTTP/2.0 (0.2s) 200 response from GET https://servers.plex.tv/media/providers
Aug 16, 2026 00:17:55.315 [139651891120952] DEBUG - [MediaProviderManager] discovered cloud provider (Movies & Shows)
Aug 16, 2026 00:17:55.315 [139651891120952] DEBUG - [MediaProviderManager] discovered cloud provider (Metadata)
Aug 16, 2026 00:17:55.315 [139651891120952] DEBUG - [MediaProviderManager] loading cloud provider details (Metadata) (alive: 0)
Aug 16, 2026 00:17:55.315 [139651901668152] DEBUG - [MediaProviderManager/HCl#23] HTTP requesting GET https://vod.provider.plex.tv?includePreferences=1
Aug 16, 2026 00:17:55.444 [139651891120952] DEBUG - [MediaProviderManager] loading cloud provider details (Movies & Shows) (alive: 0)
Aug 16, 2026 00:17:55.444 [139651891120952] DEBUG - [MediaProviderManager/HCl#25] HTTP requesting GET https://vod.provider.plex.tv?includePreferences=1
Aug 16, 2026 00:17:55.453 [139651926981432] DEBUG - [HttpClient/HCl#23] HTTP/2.0 (0.1s) 200 response from GET https://vod.provider.plex.tv?includePreferences=1
Aug 16, 2026 00:17:55.459 [139651926981432] DEBUG - [HttpClient/HCl#25] HTTP/2.0 (0.0s) 200 response from GET https://vod.provider.plex.tv?includePreferences=1 (reused)
Aug 16, 2026 00:17:55.460 [139651891120952] DEBUG - [MediaProviderManager] we had 0 cloud providers online, we now have 2
Aug 16, 2026 00:17:55.460 [139651891120952] DEBUG - [MediaProviderManager] cloud provider (Metadata) is online and available
Aug 16, 2026 00:17:55.460 [139651891120952] DEBUG - [MediaProviderManager] cloud provider (Movies & Shows) is online and available
Aug 16, 2026 00:17:55.460 [139651891120952] DEBUG - [MediaProviderManager/MetadataAgentManager] Found media provider for agent provider 'tv.plex.agents.movie' with source URI 'provider://tv.plex.provider.metadata'
Aug 16, 2026 00:17:55.461 [139651891120952] DEBUG - [MediaProviderManager/MetadataAgentManager] Found media provider for agent provider 'tv.plex.agents.series' with source URI 'provider://tv.plex.provider.metadata'
Aug 16, 2026 00:17:55.461 [139651891120952] DEBUG - [MediaProviderManager/MetadataAgentManager] Found media provider for agent provider 'tv.plex.agents.music' with source URI 'provider://tv.plex.provider.metadata'
Aug 16, 2026 00:17:55.461 [139651891120952] DEBUG - [MediaProviderManager/MetadataAgentManager] Found media provider for agent provider 'org.musicbrainz.agents.music' with source URI 'provider://tv.plex.provider.metadata'
Aug 16, 2026 00:17:55.461 [139651891120952] DEBUG - [MediaProviderManager/MetadataAgentManager] Found media provider for agent provider 'tv.plex.agents.nfo.movie' with source URI 'provider://tv.plex.provider.metadata'
Aug 16, 2026 00:17:55.462 [139651891120952] DEBUG - [MediaProviderManager/MetadataAgentManager] Found media provider for agent provider 'tv.plex.agents.nfo.series' with source URI 'provider://tv.plex.provider.metadata'
Aug 16, 2026 00:17:55.462 [139651891120952] DEBUG - [MediaProviderManager] Media provider refresh complete
Aug 16, 2026 00:17:56.697 [139651903777592] DEBUG - [NSB] NetworkServiceBrowser: SERVER arrived: 127.0.0.1 (JellyPlex-CI)
Aug 16, 2026 00:17:56.697 [139651903777592] DEBUG - [NSB] Notifying the system bundle an update to server /system/notify/serverUpdated?host=127.0.0.1
Aug 16, 2026 00:17:56.697 [139651903777592] DEBUG - [NSB] [com.plexapp.system] Sending command over HTTP (GET): /system/notify/serverUpdated?host=127.0.0.1
Aug 16, 2026 00:17:56.697 [139651903777592] DEBUG - [NSB/HCl#26] HTTP requesting GET http://127.0.0.1:41039/system/notify/serverUpdated?host=127.0.0.1
Aug 16, 2026 00:17:56.702 [139651859209016] DEBUG - Request: [127.0.0.1:43164 (Loopback)] GET /servers (3 live) #1d GZIP Signed-in Token (jellyplex_watched)
Aug 16, 2026 00:17:56.703 [139651978275640] DEBUG - Completed: [127.0.0.1:43164] 200 GET /servers (3 live) #1d GZIP 0ms 494 bytes
Aug 16, 2026 00:17:56.708 [139651926981432] DEBUG - [HttpClient/HCl#26] HTTP/1.1 (0.0s) 200 response from GET http://127.0.0.1:41039/system/notify/serverUpdated?host=127.0.0.1
Aug 16, 2026 00:17:56.708 [139651903777592] DEBUG - [NSB] [com.plexapp.system] HTTP reply status 200, with 0 bytes of content.
Aug 16, 2026 00:17:57.139 [139651889011512] DEBUG - [PubsubServerManager/process/HCl#27] HTTP requesting GET https://servers.plex.tv/services/pubsub/servers
Aug 16, 2026 00:17:57.231 [139651926981432] DEBUG - [HttpClient/HCl#27] HTTP/2.0 (0.1s) 200 response from GET https://servers.plex.tv/services/pubsub/servers (reused)
Aug 16, 2026 00:17:58.559 [139651889011512] DEBUG - [PubsubServerManager/process] Time to connect to pubsub00.pop.fmt.plex.bz was 71 ms.
Aug 16, 2026 00:17:58.559 [139651889011512] DEBUG - [PubsubServerManager/process] Time to connect to pubsub03.pop.dfw.plex.bz was 128 ms.
Aug 16, 2026 00:17:58.559 [139651889011512] DEBUG - [PubsubServerManager/process] Time to connect to pubsub05.pop.yyz.plex.bz was 175 ms.
Aug 16, 2026 00:17:58.559 [139651889011512] DEBUG - [PubsubServerManager/process] Time to connect to pubsub03.pop.yyz.plex.bz was 175 ms.
Aug 16, 2026 00:17:58.559 [139651889011512] DEBUG - [PubsubServerManager/process] Time to connect to pubsub06.pop.atl.plex.bz was 185 ms.
Aug 16, 2026 00:17:58.559 [139651889011512] DEBUG - [PubsubServerManager/process] Time to connect to pubsub04.pop.ewr.plex.bz was 202 ms.
Aug 16, 2026 00:17:58.559 [139651889011512] DEBUG - [PubsubServerManager/process] Time to connect to pubsub00.pop.hnd.plex.bz was 297 ms.
Aug 16, 2026 00:17:58.559 [139651889011512] DEBUG - [PubsubServerManager/process] Time to connect to pubsub09.pop.lhr.plex.bz was 412 ms.
Aug 16, 2026 00:17:58.559 [139651889011512] DEBUG - [PubsubServerManager/process] Time to connect to pubsub12.pop.fra.plex.bz was 446 ms.
Aug 16, 2026 00:17:58.559 [139651889011512] DEBUG - [PubsubServerManager/process] Time to connect to pubsub05.pop.sin.plex.bz was 485 ms.
Aug 16, 2026 00:17:58.560 [139651889011512] DEBUG - [PubsubServerManager/process] Updating best ping time for pubsub05.pop.yyz.plex.bz to 175 ms.
Aug 16, 2026 00:17:59.303 [139651874245432] DEBUG - DVR:Device: Discovering and refreshing all devices.
Aug 16, 2026 00:17:59.303 [139651874245432] DEBUG - Grabber: HDHomerun discovered 0 compatible devices.
Aug 16, 2026 00:17:59.303 [139651874245432] DEBUG - [HCl#28] HTTP requesting POST http://127.0.0.1:32600/devices/discover
Aug 16, 2026 00:18:01.701 [139651882683192] DEBUG - Grabber: Cleaning up orphaned grabs.
Aug 16, 2026 00:18:01.701 [139651882683192] DEBUG - Grabber: Cleaned up 0 decrepit directories in 0.0 sec.
Aug 16, 2026 00:18:01.701 [139651882683192] DEBUG - Activity: registered new activity 084ed011-5bc1-4282-937a-ccc5c6ed4e1f - "Processing subscriptions"
Aug 16, 2026 00:18:01.701 [139651882683192] DEBUG - Subscription: Scheduling subscriptions.
Aug 16, 2026 00:18:01.701 [139651882683192] DEBUG - Subscription: Initialized 0 schedulers.
Aug 16, 2026 00:18:01.701 [139651882683192] DEBUG - Subscription: Starting with 0 grabs, scheduled 0 active ones preemptively.
Aug 16, 2026 00:18:01.701 [139651882683192] DEBUG - Subscription: Scheduled all subscriptions in 0 ms.
Aug 16, 2026 00:18:01.701 [139651882683192] DEBUG - Activity: Ended activity 084ed011-5bc1-4282-937a-ccc5c6ed4e1f.
Aug 16, 2026 00:18:01.701 [139651882683192] DEBUG - Subscription: There are 0 active grabs at the end.
Aug 16, 2026 00:18:01.701 [139651882683192] DEBUG - Activity: Ended activity e760d656-4e0d-4bf4-af59-1183fda35943.
Aug 16, 2026 00:18:01.701 [139651882683192] DEBUG - Subscription: Refreshed all content in 0 ms.
Aug 16, 2026 00:18:01.731 [139651926981432] DEBUG - [HttpClient/HCl#28] HTTP/1.1 (2.4s) 200 response from POST http://127.0.0.1:32600/devices/discover
Aug 16, 2026 00:18:02.139 [139651897449272] DEBUG - [HCl#29] HTTP requesting GET https://servers.plex.tv/api/resources.xml?includeHttps=1&includeRelay=1&auth_token=xxxxxxxxxxxxxxxxxxxx
Aug 16, 2026 00:18:02.313 [139651926981432] DEBUG - [HttpClient/HCl#29] HTTP/2.0 (0.2s) 200 response from GET https://servers.plex.tv/api/resources.xml?includeHttps=1&includeRelay=1&auth_token=xxxxxxxxxxxxxxxxxxxx (reused)
Aug 16, 2026 00:18:02.313 [139651897449272] DEBUG - Media Server: Tested all servers in 0.0 seconds.
Aug 16, 2026 00:18:03.698 [139651986148152] DEBUG - NAT: UPnP, didn't find usable IGD.
Aug 16, 2026 00:18:03.698 [139651986148152] DEBUG - NAT: PMP, attempting mapping.
Aug 16, 2026 00:18:03.949 [139651986148152] WARN - NAT: PMP, got an error: Not Supported by gateway.
Aug 16, 2026 00:18:03.949 [139651986148152] DEBUG - NAT: UPnP, attempting port mapping.
Aug 16, 2026 00:18:04.240 [139651916434232] DEBUG - NAT: UPnP, getPublicIP didn't find usable IGD.
Aug 16, 2026 00:18:04.491 [139651916434232] WARN - NAT: PMP, got an error: Not Supported by gateway.
Aug 16, 2026 00:18:04.491 [139651916434232] DEBUG - MyPlex: sendMapping resetting state - previous mapping state: 'Not Mapped'.
Aug 16, 2026 00:18:04.491 [139651916434232] DEBUG - MyPlex: mapping state set to 'Unknown'.
Aug 16, 2026 00:18:04.492 [139651916434232] DEBUG - MyPlex: Sending Server Info to myPlex (user=jellyplex-watched@luigi311.com, ip=20.57.133.124, port=0)
Aug 16, 2026 00:18:04.492 [139651916434232] DEBUG - [HCl#2a] HTTP requesting POST https://servers.plex.tv/servers.xml?auth_token=xxxxxxxxxxxxxxxxxxxx
Aug 16, 2026 00:18:04.651 [139651926981432] DEBUG - [HttpClient/HCl#2a] HTTP/2.0 (0.2s) 422 response from POST https://servers.plex.tv/servers.xml?auth_token=xxxxxxxxxxxxxxxxxxxx (reused)
Aug 16, 2026 00:18:04.651 [139651916434232] DEBUG - MyPlex: Published Mapping State response was 422
Aug 16, 2026 00:18:04.651 [139651916434232] DEBUG - MyPlex: Got response for 4aa082f4f7d6dd1a83a571d03b236b07794db03c ~ registered :0
Aug 16, 2026 00:18:04.651 [139651916434232] DEBUG - MyPlex: updating mapped state - current state: 'Not Mapped'
Aug 16, 2026 00:18:04.651 [139651916434232] DEBUG - MyPlex: mapping state set to 'Not Mapped'.
Aug 16, 2026 00:18:04.651 [139651916434232] DEBUG - MyPlex: Updating device connections (from timer: 0)
Aug 16, 2026 00:18:04.651 [139651916434232] DEBUG - [HCl#2b] HTTP requesting PUT https://servers.plex.tv/devices/4aa082f4f7d6dd1a83a571d03b236b07794db03c?Connection[][uri]=http://172.17.0.2:32400&httpsEnabled=1&httpsRequired=0&dnsRebindingProtection=0&natLoopbackSupported=0&X-Plex-Token=xxxxxxxxxxxxxxxxxxxx
Aug 16, 2026 00:18:04.824 [139651926981432] DEBUG - [HttpClient/HCl#2b] HTTP/2.0 (0.2s) 200 response from PUT https://servers.plex.tv/devices/4aa082f4f7d6dd1a83a571d03b236b07794db03c?Connection[][uri]=http://172.17.0.2:32400&httpsEnabled=1&httpsRequired=0&dnsRebindingProtection=0&natLoopbackSupported=0&X-Plex-Token=xxxxxxxxxxxxxxxxxxxx (reused)
Aug 16, 2026 00:18:15.962 [139651986148152] DEBUG - NAT: UPnP, didn't find usable IGD.
Aug 16, 2026 00:18:15.962 [139651986148152] DEBUG - PublicAddressManager: Mapping failed.
Aug 16, 2026 00:18:15.962 [139651986148152] DEBUG - MyPlex: mapping state set to 'Mapped - Not Published'.
Aug 16, 2026 00:18:15.962 [139651986148152] DEBUG - MyPlex: sendMapping resetting state - previous mapping state: 'Mapped - Not Published'.
Aug 16, 2026 00:18:15.962 [139651986148152] DEBUG - MyPlex: mapping state set to 'Unknown'.
Aug 16, 2026 00:18:15.963 [139651986148152] DEBUG - MyPlex: Sending Server Info to myPlex (user=jellyplex-watched@luigi311.com, ip=20.57.133.124, port=0)
Aug 16, 2026 00:18:15.963 [139651986148152] DEBUG - [HCl#2c] HTTP requesting POST https://servers.plex.tv/servers.xml?auth_token=xxxxxxxxxxxxxxxxxxxx
Aug 16, 2026 00:18:16.076 [139651926981432] DEBUG - [HttpClient/HCl#2c] HTTP/2.0 (0.1s) 422 response from POST https://servers.plex.tv/servers.xml?auth_token=xxxxxxxxxxxxxxxxxxxx (reused)
Aug 16, 2026 00:18:16.076 [139651986148152] DEBUG - MyPlex: Published Mapping State response was 422
Aug 16, 2026 00:18:16.076 [139651986148152] DEBUG - MyPlex: Got response for 4aa082f4f7d6dd1a83a571d03b236b07794db03c ~ registered :0
Aug 16, 2026 00:18:16.076 [139651986148152] DEBUG - MyPlex: updating mapped state - current state: 'Mapped - Not Published'
Aug 16, 2026 00:18:16.076 [139651986148152] DEBUG - MyPlex: mapping state set to 'Mapped - Publishing'.
Aug 16, 2026 00:18:16.076 [139651986148152] DEBUG - MyPlex: async reachability check - current mapped state: 'Mapped - Publishing'.
Aug 16, 2026 00:18:16.076 [139651986148152] DEBUG - MyPlex: Requesting reachability check.
Aug 16, 2026 00:18:16.076 [139651986148152] DEBUG - [HCl#2d] HTTP requesting PUT https://servers.plex.tv/api/servers/4aa082f4f7d6dd1a83a571d03b236b07794db03c/connectivity?X-Plex-Token=xxxxxxxxxxxxxxxxxxxx&asyncIdentifier=0656bae3-d413-47ef-a146-0f7c9a3e3bcb
Aug 16, 2026 00:18:16.176 [139651926981432] DEBUG - [HttpClient/HCl#2d] HTTP/2.0 (0.1s) 200 response from PUT https://servers.plex.tv/api/servers/4aa082f4f7d6dd1a83a571d03b236b07794db03c/connectivity?X-Plex-Token=xxxxxxxxxxxxxxxxxxxx&asyncIdentifier=0656bae3-d413-47ef-a146-0f7c9a3e3bcb (reused)
Aug 16, 2026 00:18:16.177 [139651986148152] DEBUG - MyPlex: Last published value didn't change, we're done.
Aug 16, 2026 00:18:16.208 [139651976166200] DEBUG - [EventSourceClient/pubsub/pubsub05.pop.yyz.plex.bz:443] EventSource: Got event [data] '<Message address="" port="0" asyncIdentifier="0656bae3-d413-47ef-a146-0f7c9a3e3bcb" connectivity="0" command="notifyConnectivity"/>'
Aug 16, 2026 00:18:16.208 [139651976166200] DEBUG - [EventSourceClient/pubsub/pubsub05.pop.yyz.plex.bz:443] PubSub: Got notified of reachability for async identifier 0656bae3-d413-47ef-a146-0f7c9a3e3bcb: 0 for :0 (responded in 32 ms)
Aug 16, 2026 00:18:16.208 [139651976166200] DEBUG - [EventSourceClient/pubsub/pubsub05.pop.yyz.plex.bz:443] MyPlex: reachability check - current mapping state: 'Mapped - Publishing'.
Aug 16, 2026 00:18:16.208 [139651976166200] DEBUG - [EventSourceClient/pubsub/pubsub05.pop.yyz.plex.bz:443] MyPlex: mapping state set to 'Mapped - Not Published (Not Reachable)'.
Aug 16, 2026 00:18:19.288 [139651897449272] DEBUG - [HCl#2e] HTTP requesting GET https://servers.plex.tv/api/v2/shared_sources/owned?machineIdentifier=4aa082f4f7d6dd1a83a571d03b236b07794db03c
Aug 16, 2026 00:18:19.425 [139651926981432] DEBUG - [HttpClient/HCl#2e] HTTP/2.0 (0.1s) 200 response from GET https://servers.plex.tv/api/v2/shared_sources/owned?machineIdentifier=4aa082f4f7d6dd1a83a571d03b236b07794db03c (reused)
Aug 16, 2026 00:18:19.425 [139651897449272] DEBUG - [HCl#2f] HTTP requesting GET https://servers.plex.tv/api/v2/server/access_tokens?auth_token=xxxxxxxxxxxxxxxxxxxx
Aug 16, 2026 00:18:19.525 [139651926981432] DEBUG - [HttpClient/HCl#2f] HTTP/2.0 (0.1s) 200 response from GET https://servers.plex.tv/api/v2/server/access_tokens?auth_token=xxxxxxxxxxxxxxxxxxxx (reused)
Aug 16, 2026 00:18:19.525 [139651897449272] DEBUG - MyPlex: updating with 3 access tokens
Aug 16, 2026 00:18:19.526 [139651897449272] DEBUG - [HCl#30] HTTP requesting GET https://servers.plex.tv/api/v2/server/users?auth_token=xxxxxxxxxxxxxxxxxxxx
Aug 16, 2026 00:18:19.615 [139651988704056] DEBUG - Shutting down with signal 15 (Terminated)
Aug 16, 2026 00:18:19.615 [139651988704056] DEBUG - Ordered to stop server.
Aug 16, 2026 00:18:19.615 [139651988704056] DEBUG - [JobRunner] Job running: /usr/lib/plexmediaserver/CrashUploader --sessionStatus=exited --sessionStart=1786839469 --sessionDuration=30 --version=1.43.3.10861-07dfddaeb --userId=jellyplex-watched@luigi311.com --sentryUrl=https://o17675.ingest.sentry.io/api/1233455/ --sentryKey=xxxxxxxxxxxxxxxxxxxxxxxxxxxxxxxx
Aug 16, 2026 00:18:19.616 [139651988704056] DEBUG - [JobRunner] Jobs: Starting child process with pid 399
Aug 16, 2026 00:18:19.616 [139651993447056] DEBUG - Stopping server...
Aug 16, 2026 00:18:19.616 [139651993447056] DEBUG - HttpServer: Stopping server.
Aug 16, 2026 00:18:19.616 [139651986148152] DEBUG - TranscodeJobManager: [Running] onServerShutdown
Aug 16, 2026 00:18:19.616 [139651986148152] DEBUG - TranscodeJobManager: [Running] -> [Shutdown]
Aug 16, 2026 00:18:19.616 [139651986148152] DEBUG - MetadataItemClusterRequestHandler: a shutdown event has been received
Aug 16, 2026 00:18:19.616 [139651993447056] DEBUG - Server stopped.
Aug 16, 2026 00:18:19.616 [139651993447056] DEBUG - NetworkService: Stopping advertisement.
Aug 16, 2026 00:18:19.616 [139651993447056] DEBUG - Killing plug-ins.
Aug 16, 2026 00:18:19.629 [139651993447056] DEBUG - [com.plexapp.agents.imdb] Killing.
Aug 16, 2026 00:18:19.633 [139651926981432] DEBUG - [HttpClient/HCl#30] HTTP/2.0 (0.1s) 200 response from GET https://servers.plex.tv/api/v2/server/users?auth_token=xxxxxxxxxxxxxxxxxxxx (reused)
Aug 16, 2026 00:18:19.633 [139651993447056] DEBUG - [com.plexapp.system] Killing.
Aug 16, 2026 00:18:19.633 [139651918543672] DEBUG - [HCl#31] HTTP requesting GET https://servers.plex.tv/api/v2/server/users/subscriptions?auth_token=xxxxxxxxxxxxxxxxxxxx
Aug 16, 2026 00:18:19.636 [139651988704056] WARN - JobManager: Could not find job for handle 341
Aug 16, 2026 00:18:19.639 [139651988704056] WARN - JobManager: Could not find job for handle 239
Aug 16, 2026 00:18:19.639 [139651993447056] DEBUG - ChildProcessMonitor: Waiting for Plex Tuner Service to exit.
Aug 16, 2026 00:18:19.639 [139651993447056] DEBUG - [JobRunner] Signalling job ID 317 with 2
Aug 16, 2026 00:18:19.654 [139651988704056] DEBUG - Jobs: '/usr/lib/plexmediaserver/Plex Tuner Service' exit code for process 317 is 0 (success)
Aug 16, 2026 00:18:19.654 [139651895339832] DEBUG - [ChildProcessMonitor] Plex Tuner Service exited.
Aug 16, 2026 00:18:19.654 [139651993447056] DEBUG - Database: Shutting down.
Aug 16, 2026 00:18:19.662 [139651993447056] DEBUG - Database: Shutting down.
