Aug 23, 2026 00:18:28.744 [0x7fc3ef473b38] INFO - Plex Tuner Service v1.43.3.10896-cb3ebc72d - Docker Docker Container (LinuxServer.io) x86_64 - build: 
Aug 23, 2026 00:18:28.744 [0x7fc3ef473b38] INFO - Linux version: 6.17.0-1022-azure (#22-Ubuntu SMP Mon Jul 27 17:24:03 UTC 2026), language: en-US
Aug 23, 2026 00:18:28.744 [0x7fc3ef473b38] INFO - Processor AMD EPYC 7763 64-Core Processor                
Aug 23, 2026 00:18:28.744 [0x7fc3ef473b38] INFO - /usr/lib/plexmediaserver/Plex Tuner Service /usr/lib/plexmediaserver/Resources/Tuner/Private /usr/lib/plexmediaserver/Resources/Tuner/Shared 1.43.3.10896-cb3ebc72d 32600
Aug 23, 2026 00:18:28.734 [0x7fc3f0fe5808] INFO - [I] broker_t::start...
Aug 23, 2026 00:18:28.740 [0x7fc3f0fe5808] INFO - [I] device_manager_t::init.
Aug 23, 2026 00:18:28.740 [0x7fc3f0fe5808] INFO - [I] device_manager_t::init. Initialize provider manager
Aug 23, 2026 00:18:28.741 [0x7fc3f0fe5808] INFO - [I] device_manager_t::init. Initialize all device auxes
Aug 23, 2026 00:18:28.741 [0x7fc3f0fe5808] INFO - [I] dvb_device_factory_t::get_aux_list
Aug 23, 2026 00:18:28.741 [0x7fc3f0fe5808] INFO - [I] tvbutler_aux_t::init
Aug 23, 2026 00:18:28.747 [0x7fc3f0fe5808] INFO - [I] web_server_t::start. Starting web server on port 32600
Aug 23, 2026 00:18:36.722 [0x7fc3ef0e6b38] INFO - [I] web_service_t::process_device_discovery
Aug 23, 2026 00:18:36.723 [0x7fc3ef0e6b38] INFO - [I] device_reactor_t::get_device_list ()
Aug 23, 2026 00:18:38.728 [0x7fc3ef0e6b38] INFO - [I] SAT2IP - discover_satip_servers(): no servers found
Aug 23, 2026 00:18:39.153 [0x7fc3ef0e6b38] INFO - [I] v4l::DeviceGetList_impl. getting v4l device list
Aug 23, 2026 00:18:39.157 [0x7fc3ef0e6b38] INFO - [I] onetv_factory::DeviceGetListEx >>
Aug 23, 2026 00:18:39.157 [0x7fc3ef0e6b38] WARN - [W] onetv_factory::DeviceGetListEx. libusb_init returned an error -99
Aug 23, 2026 00:18:57.072 [0x7fc3f0fe5808] INFO - Received SIGINT: Interrupt from keyboard.
Aug 23, 2026 00:18:57.103 [0x7fc3f0fe5808] INFO - [I] device_manager_t::term
Aug 23, 2026 00:18:57.103 [0x7fc3f0fe5808] INFO - [I] device_manager_t::term. Stop all devices
Aug 23, 2026 00:18:57.103 [0x7fc3f0fe5808] INFO - [I] device_manager_t::term. Shut down all device auxes
Aug 23, 2026 00:18:57.103 [0x7fc3f0fe5808] INFO - [I] tvbutler_aux_t::term
Aug 23, 2026 00:18:57.103 [0x7fc3f0fe5808] INFO - [I] web_server_t::stop. Web server is stopped
Aug 23, 2026 00:18:57.103 [0x7fc3f0fe5808] INFO - [I] device_manager_t::term
Aug 23, 2026 00:18:57.103 [0x7fc3f0fe5808] INFO - [I] device_manager_t::term. Stop all devices
Aug 23, 2026 00:18:57.103 [0x7fc3f0fe5808] INFO - [I] device_manager_t::term. Shut down all device auxes
Aug 23, 2026 00:18:57.103 [0x7fc3f0fe5808] INFO - [I] broker_t::shutdown. Shutdown is completed.
