Jul 26, 2026 00:46:08.922 [0x7f733c7a4b38] INFO - Plex Tuner Service v1.43.3.10828-00f62d37d - Docker Docker Container (LinuxServer.io) x86_64 - build: 
Jul 26, 2026 00:46:08.922 [0x7f733c7a4b38] INFO - Linux version: 6.17.0-1020-azure (#20~24.04.1-Ubuntu SMP Fri Jun 19 20:09:14 UTC 2026), language: en-US
Jul 26, 2026 00:46:08.922 [0x7f733c7a4b38] INFO - Processor AMD EPYC 7763 64-Core Processor                
Jul 26, 2026 00:46:08.922 [0x7f733c7a4b38] INFO - /usr/lib/plexmediaserver/Plex Tuner Service /usr/lib/plexmediaserver/Resources/Tuner/Private /usr/lib/plexmediaserver/Resources/Tuner/Shared 1.43.3.10828-00f62d37d 32600
Jul 26, 2026 00:46:08.916 [0x7f733e316808] INFO - [I] broker_t::start...
Jul 26, 2026 00:46:08.923 [0x7f733e316808] INFO - [I] device_manager_t::init.
Jul 26, 2026 00:46:08.923 [0x7f733e316808] INFO - [I] device_manager_t::init. Initialize provider manager
Jul 26, 2026 00:46:08.923 [0x7f733e316808] INFO - [I] device_manager_t::init. Initialize all device auxes
Jul 26, 2026 00:46:08.923 [0x7f733e316808] INFO - [I] dvb_device_factory_t::get_aux_list
Jul 26, 2026 00:46:08.923 [0x7f733e316808] INFO - [I] tvbutler_aux_t::init
Jul 26, 2026 00:46:08.928 [0x7f733e316808] INFO - [I] web_server_t::start. Starting web server on port 32600
Jul 26, 2026 00:46:16.722 [0x7f733c417b38] INFO - [I] web_service_t::process_device_discovery
Jul 26, 2026 00:46:16.722 [0x7f733c417b38] INFO - [I] device_reactor_t::get_device_list ()
Jul 26, 2026 00:46:18.725 [0x7f733c417b38] INFO - [I] SAT2IP - discover_satip_servers(): no servers found
Jul 26, 2026 00:46:19.144 [0x7f733c417b38] INFO - [I] v4l::DeviceGetList_impl. getting v4l device list
Jul 26, 2026 00:46:19.146 [0x7f733c417b38] INFO - [I] onetv_factory::DeviceGetListEx >>
Jul 26, 2026 00:46:19.146 [0x7f733c417b38] WARN - [W] onetv_factory::DeviceGetListEx. libusb_init returned an error -99
Jul 26, 2026 00:46:37.050 [0x7f733e316808] INFO - Received SIGINT: Interrupt from keyboard.
Jul 26, 2026 00:46:37.097 [0x7f733e316808] INFO - [I] device_manager_t::term
Jul 26, 2026 00:46:37.097 [0x7f733e316808] INFO - [I] device_manager_t::term. Stop all devices
Jul 26, 2026 00:46:37.097 [0x7f733e316808] INFO - [I] device_manager_t::term. Shut down all device auxes
Jul 26, 2026 00:46:37.097 [0x7f733e316808] INFO - [I] tvbutler_aux_t::term
Jul 26, 2026 00:46:37.100 [0x7f733e316808] INFO - [I] web_server_t::stop. Web server is stopped
Jul 26, 2026 00:46:37.100 [0x7f733e316808] INFO - [I] device_manager_t::term
Jul 26, 2026 00:46:37.101 [0x7f733e316808] INFO - [I] device_manager_t::term. Stop all devices
Jul 26, 2026 00:46:37.101 [0x7f733e316808] INFO - [I] device_manager_t::term. Shut down all device auxes
Jul 26, 2026 00:46:37.101 [0x7f733e316808] INFO - [I] broker_t::shutdown. Shutdown is completed.
