Sep 20, 2026 00:44:27.420 [0x7ffaa0c86b38] INFO - Plex Tuner Service v1.43.4.10903-e5521bd8c - Docker Docker Container (LinuxServer.io) x86_64 - build: 
Sep 20, 2026 00:44:27.420 [0x7ffaa0c86b38] INFO - Linux version: 6.17.0-1022-azure (#22-Ubuntu SMP Mon Jul 27 17:24:03 UTC 2026), language: en-US
Sep 20, 2026 00:44:27.421 [0x7ffaa0c86b38] INFO - Processor AMD EPYC 9V74 80-Core Processor                
Sep 20, 2026 00:44:27.421 [0x7ffaa0c86b38] INFO - /usr/lib/plexmediaserver/Plex Tuner Service /usr/lib/plexmediaserver/Resources/Tuner/Private /usr/lib/plexmediaserver/Resources/Tuner/Shared 1.43.4.10903-e5521bd8c 32600
Sep 20, 2026 00:44:27.421 [0x7ffaa280d808] INFO - [I] broker_t::start...
Sep 20, 2026 00:44:27.425 [0x7ffaa280d808] INFO - [I] device_manager_t::init.
Sep 20, 2026 00:44:27.425 [0x7ffaa280d808] INFO - [I] device_manager_t::init. Initialize provider manager
Sep 20, 2026 00:44:27.425 [0x7ffaa280d808] INFO - [I] device_manager_t::init. Initialize all device auxes
Sep 20, 2026 00:44:27.425 [0x7ffaa280d808] INFO - [I] dvb_device_factory_t::get_aux_list
Sep 20, 2026 00:44:27.425 [0x7ffaa280d808] INFO - [I] tvbutler_aux_t::init
Sep 20, 2026 00:44:27.433 [0x7ffaa280d808] INFO - [I] web_server_t::start. Starting web server on port 32600
Sep 20, 2026 00:44:35.887 [0x7ffaa09fbb38] INFO - [I] web_service_t::process_device_discovery
Sep 20, 2026 00:44:35.887 [0x7ffaa09fbb38] INFO - [I] device_reactor_t::get_device_list ()
Sep 20, 2026 00:44:37.890 [0x7ffaa09fbb38] INFO - [I] SAT2IP - discover_satip_servers(): no servers found
Sep 20, 2026 00:44:38.309 [0x7ffaa09fbb38] INFO - [I] v4l::DeviceGetList_impl. getting v4l device list
Sep 20, 2026 00:44:38.311 [0x7ffaa09fbb38] INFO - [I] onetv_factory::DeviceGetListEx >>
Sep 20, 2026 00:44:38.311 [0x7ffaa09fbb38] WARN - [W] onetv_factory::DeviceGetListEx. libusb_init returned an error -99
Sep 20, 2026 00:44:55.884 [0x7ffaa280d808] INFO - Received SIGINT: Interrupt from keyboard.
Sep 20, 2026 00:44:55.901 [0x7ffaa280d808] INFO - [I] device_manager_t::term
Sep 20, 2026 00:44:55.901 [0x7ffaa280d808] INFO - [I] device_manager_t::term. Stop all devices
Sep 20, 2026 00:44:55.901 [0x7ffaa280d808] INFO - [I] device_manager_t::term. Shut down all device auxes
Sep 20, 2026 00:44:55.901 [0x7ffaa280d808] INFO - [I] tvbutler_aux_t::term
Sep 20, 2026 00:44:55.902 [0x7ffaa280d808] INFO - [I] web_server_t::stop. Web server is stopped
Sep 20, 2026 00:44:55.902 [0x7ffaa280d808] INFO - [I] device_manager_t::term
Sep 20, 2026 00:44:55.902 [0x7ffaa280d808] INFO - [I] device_manager_t::term. Stop all devices
Sep 20, 2026 00:44:55.902 [0x7ffaa280d808] INFO - [I] device_manager_t::term. Shut down all device auxes
Sep 20, 2026 00:44:55.902 [0x7ffaa280d808] INFO - [I] broker_t::shutdown. Shutdown is completed.
